#
# There is insufficient memory for the Java Runtime Environment to continue.
# Native memory allocation (malloc) failed to allocate 502096 bytes. Error detail: Chunk::new
# Possible reasons:
#   The system is out of physical RAM or swap space
#   This process is running with CompressedOops enabled, and the Java Heap may be blocking the growth of the native heap
# Possible solutions:
#   Reduce memory load on the system
#   Increase physical memory or swap space
#   Check if swap backing store is full
#   Decrease Java heap size (-Xmx/-Xms)
#   Decrease number of Java threads
#   Decrease Java thread stack sizes (-Xss)
#   Set larger code cache with -XX:ReservedCodeCacheSize=
#   JVM is running with Unscaled Compressed Oops mode in which the Java heap is
#     placed in the first 4GB address space. The Java Heap base address is the
#     maximum limit for the native heap growth. Please use -XX:HeapBaseMinAddress
#     to set the Java Heap base and to place the Java Heap above 4GB virtual address.
# This output file may be truncated or incomplete.
#
#  Out of Memory Error (arena.cpp:168), pid=30104, tid=34784
#
# JRE version: OpenJDK Runtime Environment Temurin-21.0.10+7 (21.0.10+7) (build 21.0.10+7-LTS)
# Java VM: OpenJDK 64-Bit Server VM Temurin-21.0.10+7 (21.0.10+7-LTS, mixed mode, sharing, tiered, compressed oops, compressed class ptrs, g1 gc, windows-amd64)
# No core dump will be written. Minidumps are not enabled by default on client versions of Windows
#

---------------  S U M M A R Y ------------

Command Line: --add-opens=java.base/java.lang=ALL-UNNAMED --add-opens=java.base/java.lang.invoke=ALL-UNNAMED --add-opens=java.base/java.util=ALL-UNNAMED --add-opens=java.prefs/java.util.prefs=ALL-UNNAMED --add-exports=jdk.compiler/com.sun.tools.javac.api=ALL-UNNAMED --add-exports=jdk.compiler/com.sun.tools.javac.util=ALL-UNNAMED --add-opens=java.base/java.util=ALL-UNNAMED --add-opens=java.prefs/java.util.prefs=ALL-UNNAMED --add-opens=java.base/java.nio.charset=ALL-UNNAMED --add-opens=java.base/java.net=ALL-UNNAMED --add-opens=java.base/java.util.concurrent=ALL-UNNAMED --add-opens=java.base/java.util.concurrent.atomic=ALL-UNNAMED --add-opens=java.xml/javax.xml.namespace=ALL-UNNAMED --add-opens=java.base/java.time=ALL-UNNAMED -XX:MaxMetaspaceSize=384m -XX:+HeapDumpOnOutOfMemoryError -Xms256m -Xmx512m -Dfile.encoding=UTF-8 -Duser.country=IN -Duser.language=en -Duser.variant -javaagent:D:\.gradle\wrapper\dists\gradle-9.3.1-bin\23ovyewtku6u96viwx3xl3oks\gradle-9.3.1\lib\agents\gradle-instrumentation-agent-9.3.1.jar org.gradle.launcher.daemon.bootstrap.GradleDaemon 9.3.1

Host: 11th Gen Intel(R) Core(TM) i5-1135G7 @ 2.40GHz, 8 cores, 15G,  Windows 11 , 64 bit Build 26100 (10.0.26100.8521)
Time: Tue Jun 23 16:19:10 2026 India Standard Time elapsed time: 34.368036 seconds (0d 0h 0m 34s)

---------------  T H R E A D  ---------------

Current thread (0x0000012aff3f4890):  JavaThread "C2 CompilerThread0" daemon [_thread_in_native, id=34784, stack(0x0000001e15800000,0x0000001e15900000) (1024K)]


Current CompileTask:
C2:34368 8723 %     4       org.gradle.internal.instantiation.generator.AbstractClassGenerator::inspectType @ 77 (602 bytes)

Stack: [0x0000001e15800000,0x0000001e15900000]
Native frames: (J=compiled Java code, j=interpreted, Vv=VM code, C=native code)
V  [jvm.dll+0x6d7a39]
V  [jvm.dll+0x8b4b26]
V  [jvm.dll+0x8b70de]
V  [jvm.dll+0x8b77c3]
V  [jvm.dll+0x284346]
V  [jvm.dll+0xc66ed]
V  [jvm.dll+0xc6c31]
V  [jvm.dll+0x14214f]
V  [jvm.dll+0x666573]
V  [jvm.dll+0x664a7b]
V  [jvm.dll+0x24c3db]
V  [jvm.dll+0x24bb40]
V  [jvm.dll+0x1cb34e]
V  [jvm.dll+0x25b85d]
V  [jvm.dll+0x259dea]
V  [jvm.dll+0x3f857e]
V  [jvm.dll+0x85f59d]
V  [jvm.dll+0x6d626d]
C  [ucrtbase.dll+0x2cd30]
C  [KERNEL32.DLL+0x2e957]
C  [ntdll.dll+0x87c1c]


---------------  P R O C E S S  ---------------

Threads class SMR info:
_java_thread_list=0x0000012aa0c10930, length=66, elements={
0x0000012aeba31420, 0x0000012aff3e8a70, 0x0000012aff3ea1f0, 0x0000012aff3ed980,
0x0000012aff3ee3e0, 0x0000012aff3f2090, 0x0000012aff3f3b00, 0x0000012aff3f4890,
0x0000012aff40b960, 0x0000012aff682dc0, 0x0000012aff5e6390, 0x0000012a9bf6c740,
0x0000012a9c01cae0, 0x0000012a9b9976a0, 0x0000012a9c0b4f00, 0x0000012a9c0b5570,
0x0000012a9c0b5ff0, 0x0000012a9c1ade10, 0x0000012a9c1a9560, 0x0000012a9c1a8ed0,
0x0000012a9c1a9bf0, 0x0000012a9c1aa280, 0x0000012a9c323eb0, 0x0000012a9c323190,
0x0000012a9c322b00, 0x0000012a9c3258f0, 0x0000012a9c324bd0, 0x0000012a9c324540,
0x0000012a9c6c1aa0, 0x0000012a9c6c27c0, 0x0000012a9c6c1410, 0x0000012a9c6c2130,
0x0000012a9c6c2e50, 0x0000012a9c6c0d80, 0x0000012a9c6c3b70, 0x0000012a9c6c06f0,
0x0000012a9c6c5c40, 0x0000012a9c6c55b0, 0x0000012a9c6c4200, 0x0000012a9c6c4890,
0x0000012a9c6c62d0, 0x0000012a9c6c7680, 0x0000012a9c6c6ff0, 0x0000012a9c6c4f20,
0x0000012a9e2b3610, 0x0000012a9e2b28f0, 0x0000012a9e2b56e0, 0x0000012a9e2b4330,
0x0000012a9e2b5d70, 0x0000012a9e2b6400, 0x0000012a9e2b49c0, 0x0000012a9e2b2f80,
0x0000012a9e2b6a90, 0x0000012a9e2b7120, 0x0000012a9e2b3ca0, 0x0000012a9e2b7e40,
0x0000012a9e2b84d0, 0x0000012a9e2b77b0, 0x0000012a9e2b5050, 0x0000012a9e2b9880,
0x0000012a9e2b9f10, 0x0000012a9e2b8b60, 0x0000012a9db5e370, 0x0000012a9db5c930,
0x0000012a9db5f090, 0x0000012aff8e6250
}

Java Threads: ( => current thread )
  0x0000012aeba31420 JavaThread "main"                              [_thread_blocked, id=29572, stack(0x0000001e14a00000,0x0000001e14b00000) (1024K)]
  0x0000012aff3e8a70 JavaThread "Reference Handler"          daemon [_thread_blocked, id=7412, stack(0x0000001e15200000,0x0000001e15300000) (1024K)]
  0x0000012aff3ea1f0 JavaThread "Finalizer"                  daemon [_thread_blocked, id=18880, stack(0x0000001e15300000,0x0000001e15400000) (1024K)]
  0x0000012aff3ed980 JavaThread "Signal Dispatcher"          daemon [_thread_blocked, id=4552, stack(0x0000001e15400000,0x0000001e15500000) (1024K)]
  0x0000012aff3ee3e0 JavaThread "Attach Listener"            daemon [_thread_blocked, id=14668, stack(0x0000001e15500000,0x0000001e15600000) (1024K)]
  0x0000012aff3f2090 JavaThread "Service Thread"             daemon [_thread_blocked, id=22792, stack(0x0000001e15600000,0x0000001e15700000) (1024K)]
  0x0000012aff3f3b00 JavaThread "Monitor Deflation Thread"   daemon [_thread_blocked, id=10772, stack(0x0000001e15700000,0x0000001e15800000) (1024K)]
=>0x0000012aff3f4890 JavaThread "C2 CompilerThread0"         daemon [_thread_in_native, id=34784, stack(0x0000001e15800000,0x0000001e15900000) (1024K)]
  0x0000012aff40b960 JavaThread "C1 CompilerThread0"         daemon [_thread_blocked, id=23984, stack(0x0000001e15900000,0x0000001e15a00000) (1024K)]
  0x0000012aff682dc0 JavaThread "Common-Cleaner"             daemon [_thread_blocked, id=31632, stack(0x0000001e15a00000,0x0000001e15b00000) (1024K)]
  0x0000012aff5e6390 JavaThread "Notification Thread"        daemon [_thread_blocked, id=21856, stack(0x0000001e15b00000,0x0000001e15c00000) (1024K)]
  0x0000012a9bf6c740 JavaThread "Daemon health stats"               [_thread_blocked, id=10184, stack(0x0000001e16300000,0x0000001e16400000) (1024K)]
  0x0000012a9c01cae0 JavaThread "Incoming local TCP Connector on port 59592"        [_thread_in_native, id=34740, stack(0x0000001e16400000,0x0000001e16500000) (1024K)]
  0x0000012a9b9976a0 JavaThread "Daemon periodic checks"            [_thread_blocked, id=19800, stack(0x0000001e16500000,0x0000001e16600000) (1024K)]
  0x0000012a9c0b4f00 JavaThread "Daemon"                            [_thread_blocked, id=13420, stack(0x0000001e16600000,0x0000001e16700000) (1024K)]
  0x0000012a9c0b5570 JavaThread "Handler for socket connection from /127.0.0.1:59592 to /127.0.0.1:59593"        [_thread_in_native, id=35324, stack(0x0000001e16700000,0x0000001e16800000) (1024K)]
  0x0000012a9c0b5ff0 JavaThread "Cancel handler"                    [_thread_blocked, id=35900, stack(0x0000001e16800000,0x0000001e16900000) (1024K)]
  0x0000012a9c1ade10 JavaThread "Daemon worker"                     [_thread_in_native, id=33980, stack(0x0000001e16900000,0x0000001e16a00000) (1024K)]
  0x0000012a9c1a9560 JavaThread "Asynchronous log dispatcher for DefaultDaemonConnection: socket connection from /127.0.0.1:59592 to /127.0.0.1:59593"        [_thread_blocked, id=16740, stack(0x0000001e16a00000,0x0000001e16b00000) (1024K)]
  0x0000012a9c1a8ed0 JavaThread "Stdin handler"                     [_thread_blocked, id=5492, stack(0x0000001e16b00000,0x0000001e16c00000) (1024K)]
  0x0000012a9c1a9bf0 JavaThread "Daemon client event forwarder"        [_thread_blocked, id=36784, stack(0x0000001e16c00000,0x0000001e16d00000) (1024K)]
  0x0000012a9c1aa280 JavaThread "Cache worker for journal cache (D:\.gradle\caches\journal-1)"        [_thread_blocked, id=34612, stack(0x0000001e16d00000,0x0000001e16e00000) (1024K)]
  0x0000012a9c323eb0 JavaThread "File lock request listener"        [_thread_in_native, id=15012, stack(0x0000001e16e00000,0x0000001e16f00000) (1024K)]
  0x0000012a9c323190 JavaThread "Cache worker for file hash cache (D:\.gradle\caches\9.3.1\fileHashes)"        [_thread_blocked, id=22068, stack(0x0000001e16f00000,0x0000001e17000000) (1024K)]
  0x0000012a9c322b00 JavaThread "Cache worker for file hash cache (D:\6s\node_modules\@react-native\gradle-plugin\.gradle\9.3.1\fileHashes)"        [_thread_blocked, id=35460, stack(0x0000001e17200000,0x0000001e17300000) (1024K)]
  0x0000012a9c3258f0 JavaThread "Cache worker for Build Output Cleanup Cache (D:\6s\node_modules\@react-native\gradle-plugin\.gradle\buildOutputCleanup)"        [_thread_blocked, id=30236, stack(0x0000001e17300000,0x0000001e17400000) (1024K)]
  0x0000012a9c324bd0 JavaThread "File watcher server"        daemon [_thread_in_native, id=14268, stack(0x0000001e17400000,0x0000001e17500000) (1024K)]
  0x0000012a9c324540 JavaThread "File watcher consumer"      daemon [_thread_blocked, id=29340, stack(0x0000001e17500000,0x0000001e17600000) (1024K)]
  0x0000012a9c6c1aa0 JavaThread "Cache worker for checksums cache (D:\6s\node_modules\@react-native\gradle-plugin\.gradle\9.3.1\checksums)"        [_thread_blocked, id=1744, stack(0x0000001e17000000,0x0000001e17100000) (1024K)]
  0x0000012a9c6c27c0 JavaThread "Cache worker for file content cache (D:\.gradle\caches\9.3.1\fileContent)"        [_thread_blocked, id=20120, stack(0x0000001e17700000,0x0000001e17800000) (1024K)]
  0x0000012a9c6c1410 JavaThread "Cache worker for cache directory md-supplier (D:\.gradle\caches\9.3.1\md-supplier)"        [_thread_blocked, id=24208, stack(0x0000001e17800000,0x0000001e17900000) (1024K)]
  0x0000012a9c6c2130 JavaThread "Cache worker for cache directory md-rule (D:\.gradle\caches\9.3.1\md-rule)"        [_thread_blocked, id=24852, stack(0x0000001e17900000,0x0000001e17a00000) (1024K)]
  0x0000012a9c6c2e50 JavaThread "jar transforms"                    [_thread_blocked, id=5128, stack(0x0000001e17a00000,0x0000001e17b00000) (1024K)]
  0x0000012a9c6c0d80 JavaThread "jar transforms Thread 2"           [_thread_blocked, id=19508, stack(0x0000001e17b00000,0x0000001e17c00000) (1024K)]
  0x0000012a9c6c3b70 JavaThread "File lock release action executor"        [_thread_blocked, id=26216, stack(0x0000001e17c00000,0x0000001e17d00000) (1024K)]
  0x0000012a9c6c06f0 JavaThread "Unconstrained build operations"        [_thread_blocked, id=27364, stack(0x0000001e17d00000,0x0000001e17e00000) (1024K)]
  0x0000012a9c6c5c40 JavaThread "Unconstrained build operations Thread 2"        [_thread_blocked, id=28132, stack(0x0000001e17e00000,0x0000001e17f00000) (1024K)]
  0x0000012a9c6c55b0 JavaThread "Unconstrained build operations Thread 3"        [_thread_blocked, id=4828, stack(0x0000001e17600000,0x0000001e17700000) (1024K)]
  0x0000012a9c6c4200 JavaThread "Unconstrained build operations Thread 4"        [_thread_blocked, id=20696, stack(0x0000001e17f00000,0x0000001e18000000) (1024K)]
  0x0000012a9c6c4890 JavaThread "Unconstrained build operations Thread 5"        [_thread_blocked, id=1528, stack(0x0000001e18000000,0x0000001e18100000) (1024K)]
  0x0000012a9c6c62d0 JavaThread "Unconstrained build operations Thread 6"        [_thread_blocked, id=18960, stack(0x0000001e18100000,0x0000001e18200000) (1024K)]
  0x0000012a9c6c7680 JavaThread "Unconstrained build operations Thread 7"        [_thread_blocked, id=9112, stack(0x0000001e18200000,0x0000001e18300000) (1024K)]
  0x0000012a9c6c6ff0 JavaThread "Unconstrained build operations Thread 8"        [_thread_blocked, id=4912, stack(0x0000001e18300000,0x0000001e18400000) (1024K)]
  0x0000012a9c6c4f20 JavaThread "Unconstrained build operations Thread 9"        [_thread_blocked, id=12120, stack(0x0000001e18400000,0x0000001e18500000) (1024K)]
  0x0000012a9e2b3610 JavaThread "Unconstrained build operations Thread 10"        [_thread_blocked, id=11520, stack(0x0000001e18500000,0x0000001e18600000) (1024K)]
  0x0000012a9e2b28f0 JavaThread "Unconstrained build operations Thread 11"        [_thread_blocked, id=14372, stack(0x0000001e18600000,0x0000001e18700000) (1024K)]
  0x0000012a9e2b56e0 JavaThread "Unconstrained build operations Thread 12"        [_thread_blocked, id=22160, stack(0x0000001e18700000,0x0000001e18800000) (1024K)]
  0x0000012a9e2b4330 JavaThread "Unconstrained build operations Thread 13"        [_thread_blocked, id=18940, stack(0x0000001e18800000,0x0000001e18900000) (1024K)]
  0x0000012a9e2b5d70 JavaThread "Unconstrained build operations Thread 14"        [_thread_blocked, id=13936, stack(0x0000001e18900000,0x0000001e18a00000) (1024K)]
  0x0000012a9e2b6400 JavaThread "Unconstrained build operations Thread 15"        [_thread_blocked, id=21912, stack(0x0000001e18a00000,0x0000001e18b00000) (1024K)]
  0x0000012a9e2b49c0 JavaThread "Unconstrained build operations Thread 16"        [_thread_blocked, id=17088, stack(0x0000001e18b00000,0x0000001e18c00000) (1024K)]
  0x0000012a9e2b2f80 JavaThread "Unconstrained build operations Thread 17"        [_thread_blocked, id=18980, stack(0x0000001e18c00000,0x0000001e18d00000) (1024K)]
  0x0000012a9e2b6a90 JavaThread "Unconstrained build operations Thread 18"        [_thread_blocked, id=20500, stack(0x0000001e18d00000,0x0000001e18e00000) (1024K)]
  0x0000012a9e2b7120 JavaThread "Unconstrained build operations Thread 19"        [_thread_blocked, id=15560, stack(0x0000001e18e00000,0x0000001e18f00000) (1024K)]
  0x0000012a9e2b3ca0 JavaThread "Unconstrained build operations Thread 20"        [_thread_blocked, id=16308, stack(0x0000001e18f00000,0x0000001e19000000) (1024K)]
  0x0000012a9e2b7e40 JavaThread "Unconstrained build operations Thread 21"        [_thread_blocked, id=32552, stack(0x0000001e19000000,0x0000001e19100000) (1024K)]
  0x0000012a9e2b84d0 JavaThread "Unconstrained build operations Thread 22"        [_thread_blocked, id=34076, stack(0x0000001e19100000,0x0000001e19200000) (1024K)]
  0x0000012a9e2b77b0 JavaThread "Unconstrained build operations Thread 23"        [_thread_blocked, id=14964, stack(0x0000001e19200000,0x0000001e19300000) (1024K)]
  0x0000012a9e2b5050 JavaThread "Unconstrained build operations Thread 24"        [_thread_blocked, id=26676, stack(0x0000001e19300000,0x0000001e19400000) (1024K)]
  0x0000012a9e2b9880 JavaThread "Unconstrained build operations Thread 25"        [_thread_blocked, id=31356, stack(0x0000001e19400000,0x0000001e19500000) (1024K)]
  0x0000012a9e2b9f10 JavaThread "Unconstrained build operations Thread 26"        [_thread_blocked, id=2060, stack(0x0000001e19500000,0x0000001e19600000) (1024K)]
  0x0000012a9e2b8b60 JavaThread "Unconstrained build operations Thread 27"        [_thread_blocked, id=12816, stack(0x0000001e19600000,0x0000001e19700000) (1024K)]
  0x0000012a9db5e370 JavaThread "build event listener"              [_thread_blocked, id=24740, stack(0x0000001e19800000,0x0000001e19900000) (1024K)]
  0x0000012a9db5c930 JavaThread "Memory manager"                    [_thread_blocked, id=36168, stack(0x0000001e19700000,0x0000001e19800000) (1024K)]
  0x0000012a9db5f090 JavaThread "Problems report writer"            [_thread_blocked, id=29180, stack(0x0000001e19900000,0x0000001e19a00000) (1024K)]
  0x0000012aff8e6250 JavaThread "C2 CompilerThread1"         daemon [_thread_blocked, id=2788, stack(0x0000001e19a00000,0x0000001e19b00000) (1024K)]
Total: 66

Other Threads:
  0x0000012aff3c7e40 VMThread "VM Thread"                           [id=5668, stack(0x0000001e15100000,0x0000001e15200000) (1024K)]
  0x0000012aff3baff0 WatcherThread "VM Periodic Task Thread"        [id=12568, stack(0x0000001e15000000,0x0000001e15100000) (1024K)]
  0x0000012aeba5d1d0 WorkerThread "GC Thread#0"                     [id=30308, stack(0x0000001e14b00000,0x0000001e14c00000) (1024K)]
  0x0000012aff7de3c0 WorkerThread "GC Thread#1"                     [id=34884, stack(0x0000001e15e00000,0x0000001e15f00000) (1024K)]
  0x0000012aff7de770 WorkerThread "GC Thread#2"                     [id=36700, stack(0x0000001e15f00000,0x0000001e16000000) (1024K)]
  0x0000012aff7deb20 WorkerThread "GC Thread#3"                     [id=1584, stack(0x0000001e16000000,0x0000001e16100000) (1024K)]
  0x0000012aff7deed0 WorkerThread "GC Thread#4"                     [id=12176, stack(0x0000001e16100000,0x0000001e16200000) (1024K)]
  0x0000012aff7df280 WorkerThread "GC Thread#5"                     [id=19544, stack(0x0000001e16200000,0x0000001e16300000) (1024K)]
  0x0000012a9c03af60 WorkerThread "GC Thread#6"                     [id=35704, stack(0x0000001e15c00000,0x0000001e15d00000) (1024K)]
  0x0000012a9c03b310 WorkerThread "GC Thread#7"                     [id=3640, stack(0x0000001e15d00000,0x0000001e15e00000) (1024K)]
  0x0000012aeba630e0 ConcurrentGCThread "G1 Main Marker"            [id=35384, stack(0x0000001e14c00000,0x0000001e14d00000) (1024K)]
  0x0000012aeba63b00 WorkerThread "G1 Conc#0"                       [id=22716, stack(0x0000001e14d00000,0x0000001e14e00000) (1024K)]
  0x0000012a9ee82d00 WorkerThread "G1 Conc#1"                       [id=8628, stack(0x0000001e17100000,0x0000001e17200000) (1024K)]
  0x0000012aff2861f0 ConcurrentGCThread "G1 Refine#0"               [id=6508, stack(0x0000001e14e00000,0x0000001e14f00000) (1024K)]
  0x0000012aff286c80 ConcurrentGCThread "G1 Service"                [id=23684, stack(0x0000001e14f00000,0x0000001e15000000) (1024K)]
Total: 15

Threads with active compile tasks:
C2 CompilerThread0  34396 8723 %     4       org.gradle.internal.instantiation.generator.AbstractClassGenerator::inspectType @ 77 (602 bytes)
Total: 1

VM state: not at safepoint (normal execution)

VM Mutex/Monitor currently owned by a thread: None

Heap address: 0x00000000e0000000, size: 512 MB, Compressed Oops mode: 32-bit

CDS archive(s) mapped at: [0x0000012a82000000-0x0000012a82ba0000-0x0000012a82ba0000), size 12189696, SharedBaseAddress: 0x0000012a82000000, ArchiveRelocationMode: 1.
Compressed class space mapped at: 0x0000012a83000000-0x0000012a97000000, reserved size: 335544320
Narrow klass base: 0x0000012a82000000, Narrow klass shift: 0, Narrow klass range: 0x100000000

GC Precious Log:
 CardTable entry size: 512
 Card Set container configuration: InlinePtr #cards 5 size 8 Array Of Cards #cards 12 size 40 Howl #buckets 4 coarsen threshold 1843 Howl Bitmap #cards 512 size 80 coarsen threshold 460 Card regions per heap region 1 cards per card region 2048
 CPUs: 8 total, 8 available
 Memory: 16167M
 Large Page Support: Disabled
 NUMA Support: Disabled
 Compressed Oops: Enabled (32-bit)
 Heap Region Size: 1M
 Heap Min Capacity: 256M
 Heap Initial Capacity: 256M
 Heap Max Capacity: 512M
 Pre-touch: Disabled
 Parallel Workers: 8
 Concurrent Workers: 2
 Concurrent Refinement Workers: 8
 Periodic GC: Disabled

Heap:
 garbage-first heap   total 262144K, used 97221K [0x00000000e0000000, 0x0000000100000000)
  region size 1024K, 42 young (43008K), 8 survivors (8192K)
 Metaspace       used 71729K, committed 73984K, reserved 393216K
  class space    used 10475K, committed 11584K, reserved 327680K

Heap Regions: E=young(eden), S=young(survivor), O=old, HS=humongous(starts), HC=humongous(continues), CS=collection set, F=free, TAMS=top-at-mark-start, PB=parsable bottom
|   0|0x00000000e0000000, 0x00000000e0100000, 0x00000000e0100000|100%|HS|  |TAMS 0x00000000e0000000| PB 0x00000000e0000000| Complete 
|   1|0x00000000e0100000, 0x00000000e0200000, 0x00000000e0200000|100%|HC|  |TAMS 0x00000000e0100000| PB 0x00000000e0100000| Complete 
|   2|0x00000000e0200000, 0x00000000e0300000, 0x00000000e0300000|100%|HC|  |TAMS 0x00000000e0200000| PB 0x00000000e0200000| Complete 
|   3|0x00000000e0300000, 0x00000000e0400000, 0x00000000e0400000|100%|HC|  |TAMS 0x00000000e0300000| PB 0x00000000e0300000| Complete 
|   4|0x00000000e0400000, 0x00000000e0500000, 0x00000000e0500000|100%| O|  |TAMS 0x00000000e0400000| PB 0x00000000e0400000| Untracked 
|   5|0x00000000e0500000, 0x00000000e0600000, 0x00000000e0600000|100%| O|  |TAMS 0x00000000e0500000| PB 0x00000000e0500000| Untracked 
|   6|0x00000000e0600000, 0x00000000e0700000, 0x00000000e0700000|100%| O|  |TAMS 0x00000000e0600000| PB 0x00000000e0600000| Untracked 
|   7|0x00000000e0700000, 0x00000000e0800000, 0x00000000e0800000|100%|HS|  |TAMS 0x00000000e0700000| PB 0x00000000e0700000| Complete 
|   8|0x00000000e0800000, 0x00000000e0900000, 0x00000000e0900000|100%| O|  |TAMS 0x00000000e0800000| PB 0x00000000e0800000| Untracked 
|   9|0x00000000e0900000, 0x00000000e0a00000, 0x00000000e0a00000|100%| O|  |TAMS 0x00000000e0900000| PB 0x00000000e0900000| Untracked 
|  10|0x00000000e0a00000, 0x00000000e0b00000, 0x00000000e0b00000|100%| O|  |TAMS 0x00000000e0a00000| PB 0x00000000e0a00000| Untracked 
|  11|0x00000000e0b00000, 0x00000000e0c00000, 0x00000000e0c00000|100%| O|  |TAMS 0x00000000e0b00000| PB 0x00000000e0b00000| Untracked 
|  12|0x00000000e0c00000, 0x00000000e0d00000, 0x00000000e0d00000|100%| O|  |TAMS 0x00000000e0c00000| PB 0x00000000e0c00000| Untracked 
|  13|0x00000000e0d00000, 0x00000000e0e00000, 0x00000000e0e00000|100%| O|  |TAMS 0x00000000e0d00000| PB 0x00000000e0d00000| Untracked 
|  14|0x00000000e0e00000, 0x00000000e0f00000, 0x00000000e0f00000|100%| O|  |TAMS 0x00000000e0e00000| PB 0x00000000e0e00000| Untracked 
|  15|0x00000000e0f00000, 0x00000000e1000000, 0x00000000e1000000|100%| O|  |TAMS 0x00000000e0f00000| PB 0x00000000e0f00000| Untracked 
|  16|0x00000000e1000000, 0x00000000e1100000, 0x00000000e1100000|100%| O|  |TAMS 0x00000000e1000000| PB 0x00000000e1000000| Untracked 
|  17|0x00000000e1100000, 0x00000000e1200000, 0x00000000e1200000|100%| O|  |TAMS 0x00000000e1100000| PB 0x00000000e1100000| Untracked 
|  18|0x00000000e1200000, 0x00000000e1300000, 0x00000000e1300000|100%| O|  |TAMS 0x00000000e1200000| PB 0x00000000e1200000| Untracked 
|  19|0x00000000e1300000, 0x00000000e1400000, 0x00000000e1400000|100%| O|  |TAMS 0x00000000e1300000| PB 0x00000000e1300000| Untracked 
|  20|0x00000000e1400000, 0x00000000e1500000, 0x00000000e1500000|100%| O|  |TAMS 0x00000000e1400000| PB 0x00000000e1400000| Untracked 
|  21|0x00000000e1500000, 0x00000000e1600000, 0x00000000e1600000|100%| O|  |TAMS 0x00000000e1500000| PB 0x00000000e1500000| Untracked 
|  22|0x00000000e1600000, 0x00000000e1700000, 0x00000000e1700000|100%| O|Cm|TAMS 0x00000000e1600000| PB 0x00000000e1600000| Complete 
|  23|0x00000000e1700000, 0x00000000e1800000, 0x00000000e1800000|100%| O|  |TAMS 0x00000000e1700000| PB 0x00000000e1700000| Untracked 
|  24|0x00000000e1800000, 0x00000000e1900000, 0x00000000e1900000|100%|HS|  |TAMS 0x00000000e1800000| PB 0x00000000e1800000| Complete 
|  25|0x00000000e1900000, 0x00000000e1a00000, 0x00000000e1a00000|100%|HC|  |TAMS 0x00000000e1900000| PB 0x00000000e1900000| Complete 
|  26|0x00000000e1a00000, 0x00000000e1b00000, 0x00000000e1b00000|100%|HC|  |TAMS 0x00000000e1a00000| PB 0x00000000e1a00000| Complete 
|  27|0x00000000e1b00000, 0x00000000e1c00000, 0x00000000e1c00000|100%|HS|  |TAMS 0x00000000e1b00000| PB 0x00000000e1b00000| Complete 
|  28|0x00000000e1c00000, 0x00000000e1d00000, 0x00000000e1d00000|100%|HC|  |TAMS 0x00000000e1c00000| PB 0x00000000e1c00000| Complete 
|  29|0x00000000e1d00000, 0x00000000e1e00000, 0x00000000e1e00000|100%|HC|  |TAMS 0x00000000e1d00000| PB 0x00000000e1d00000| Complete 
|  30|0x00000000e1e00000, 0x00000000e1f00000, 0x00000000e1f00000|100%| O|  |TAMS 0x00000000e1e00000| PB 0x00000000e1e00000| Untracked 
|  31|0x00000000e1f00000, 0x00000000e2000000, 0x00000000e2000000|100%| O|  |TAMS 0x00000000e1f00000| PB 0x00000000e1f00000| Untracked 
|  32|0x00000000e2000000, 0x00000000e2100000, 0x00000000e2100000|100%| O|  |TAMS 0x00000000e2000000| PB 0x00000000e2000000| Untracked 
|  33|0x00000000e2100000, 0x00000000e2200000, 0x00000000e2200000|100%| O|  |TAMS 0x00000000e2100000| PB 0x00000000e2100000| Untracked 
|  34|0x00000000e2200000, 0x00000000e2300000, 0x00000000e2300000|100%| O|  |TAMS 0x00000000e2200000| PB 0x00000000e2200000| Untracked 
|  35|0x00000000e2300000, 0x00000000e2400000, 0x00000000e2400000|100%| O|  |TAMS 0x00000000e2300000| PB 0x00000000e2300000| Untracked 
|  36|0x00000000e2400000, 0x00000000e2400000, 0x00000000e2500000|  0%| F|  |TAMS 0x00000000e2400000| PB 0x00000000e2400000| Untracked 
|  37|0x00000000e2500000, 0x00000000e2600000, 0x00000000e2600000|100%| O|  |TAMS 0x00000000e2500000| PB 0x00000000e2500000| Untracked 
|  38|0x00000000e2600000, 0x00000000e2700000, 0x00000000e2700000|100%| O|  |TAMS 0x00000000e2600000| PB 0x00000000e2600000| Untracked 
|  39|0x00000000e2700000, 0x00000000e2800000, 0x00000000e2800000|100%| O|  |TAMS 0x00000000e2700000| PB 0x00000000e2700000| Untracked 
|  40|0x00000000e2800000, 0x00000000e2900000, 0x00000000e2900000|100%| O|  |TAMS 0x00000000e2800000| PB 0x00000000e2800000| Untracked 
|  41|0x00000000e2900000, 0x00000000e2a00000, 0x00000000e2a00000|100%| O|  |TAMS 0x00000000e2900000| PB 0x00000000e2900000| Untracked 
|  42|0x00000000e2a00000, 0x00000000e2b00000, 0x00000000e2b00000|100%| O|  |TAMS 0x00000000e2a00000| PB 0x00000000e2a00000| Untracked 
|  43|0x00000000e2b00000, 0x00000000e2c00000, 0x00000000e2c00000|100%| O|  |TAMS 0x00000000e2b00000| PB 0x00000000e2b00000| Untracked 
|  44|0x00000000e2c00000, 0x00000000e2d00000, 0x00000000e2d00000|100%| O|  |TAMS 0x00000000e2c00000| PB 0x00000000e2c00000| Untracked 
|  45|0x00000000e2d00000, 0x00000000e2e00000, 0x00000000e2e00000|100%| O|  |TAMS 0x00000000e2d00000| PB 0x00000000e2d00000| Untracked 
|  46|0x00000000e2e00000, 0x00000000e2f00000, 0x00000000e2f00000|100%| O|  |TAMS 0x00000000e2e00000| PB 0x00000000e2e00000| Untracked 
|  47|0x00000000e2f00000, 0x00000000e3000000, 0x00000000e3000000|100%| O|  |TAMS 0x00000000e2f00000| PB 0x00000000e2f00000| Untracked 
|  48|0x00000000e3000000, 0x00000000e3100000, 0x00000000e3100000|100%| O|  |TAMS 0x00000000e3000000| PB 0x00000000e3000000| Untracked 
|  49|0x00000000e3100000, 0x00000000e3200000, 0x00000000e3200000|100%| O|  |TAMS 0x00000000e3100000| PB 0x00000000e3100000| Untracked 
|  50|0x00000000e3200000, 0x00000000e3300000, 0x00000000e3300000|100%| O|  |TAMS 0x00000000e3200000| PB 0x00000000e3200000| Untracked 
|  51|0x00000000e3300000, 0x00000000e3400000, 0x00000000e3400000|100%| O|  |TAMS 0x00000000e3300000| PB 0x00000000e3300000| Untracked 
|  52|0x00000000e3400000, 0x00000000e3500000, 0x00000000e3500000|100%| O|  |TAMS 0x00000000e3400000| PB 0x00000000e3400000| Untracked 
|  53|0x00000000e3500000, 0x00000000e3600000, 0x00000000e3600000|100%| O|  |TAMS 0x00000000e3500000| PB 0x00000000e3500000| Untracked 
|  54|0x00000000e3600000, 0x00000000e3700000, 0x00000000e3700000|100%| O|  |TAMS 0x00000000e3600000| PB 0x00000000e3600000| Untracked 
|  55|0x00000000e3700000, 0x00000000e3780000, 0x00000000e3800000| 50%| O|  |TAMS 0x00000000e3700000| PB 0x00000000e3700000| Untracked 
|  56|0x00000000e3800000, 0x00000000e3800000, 0x00000000e3900000|  0%| F|  |TAMS 0x00000000e3800000| PB 0x00000000e3800000| Untracked 
|  57|0x00000000e3900000, 0x00000000e3900000, 0x00000000e3a00000|  0%| F|  |TAMS 0x00000000e3900000| PB 0x00000000e3900000| Untracked 
|  58|0x00000000e3a00000, 0x00000000e3a00000, 0x00000000e3b00000|  0%| F|  |TAMS 0x00000000e3a00000| PB 0x00000000e3a00000| Untracked 
|  59|0x00000000e3b00000, 0x00000000e3b00000, 0x00000000e3c00000|  0%| F|  |TAMS 0x00000000e3b00000| PB 0x00000000e3b00000| Untracked 
|  60|0x00000000e3c00000, 0x00000000e3c00000, 0x00000000e3d00000|  0%| F|  |TAMS 0x00000000e3c00000| PB 0x00000000e3c00000| Untracked 
|  61|0x00000000e3d00000, 0x00000000e3d00000, 0x00000000e3e00000|  0%| F|  |TAMS 0x00000000e3d00000| PB 0x00000000e3d00000| Untracked 
|  62|0x00000000e3e00000, 0x00000000e3e00000, 0x00000000e3f00000|  0%| F|  |TAMS 0x00000000e3e00000| PB 0x00000000e3e00000| Untracked 
|  63|0x00000000e3f00000, 0x00000000e3f00000, 0x00000000e4000000|  0%| F|  |TAMS 0x00000000e3f00000| PB 0x00000000e3f00000| Untracked 
|  64|0x00000000e4000000, 0x00000000e4000000, 0x00000000e4100000|  0%| F|  |TAMS 0x00000000e4000000| PB 0x00000000e4000000| Untracked 
|  65|0x00000000e4100000, 0x00000000e4100000, 0x00000000e4200000|  0%| F|  |TAMS 0x00000000e4100000| PB 0x00000000e4100000| Untracked 
|  66|0x00000000e4200000, 0x00000000e4200000, 0x00000000e4300000|  0%| F|  |TAMS 0x00000000e4200000| PB 0x00000000e4200000| Untracked 
|  67|0x00000000e4300000, 0x00000000e4300000, 0x00000000e4400000|  0%| F|  |TAMS 0x00000000e4300000| PB 0x00000000e4300000| Untracked 
|  68|0x00000000e4400000, 0x00000000e4400000, 0x00000000e4500000|  0%| F|  |TAMS 0x00000000e4400000| PB 0x00000000e4400000| Untracked 
|  69|0x00000000e4500000, 0x00000000e4500000, 0x00000000e4600000|  0%| F|  |TAMS 0x00000000e4500000| PB 0x00000000e4500000| Untracked 
|  70|0x00000000e4600000, 0x00000000e4600000, 0x00000000e4700000|  0%| F|  |TAMS 0x00000000e4600000| PB 0x00000000e4600000| Untracked 
|  71|0x00000000e4700000, 0x00000000e4700000, 0x00000000e4800000|  0%| F|  |TAMS 0x00000000e4700000| PB 0x00000000e4700000| Untracked 
|  72|0x00000000e4800000, 0x00000000e4800000, 0x00000000e4900000|  0%| F|  |TAMS 0x00000000e4800000| PB 0x00000000e4800000| Untracked 
|  73|0x00000000e4900000, 0x00000000e4900000, 0x00000000e4a00000|  0%| F|  |TAMS 0x00000000e4900000| PB 0x00000000e4900000| Untracked 
|  74|0x00000000e4a00000, 0x00000000e4a00000, 0x00000000e4b00000|  0%| F|  |TAMS 0x00000000e4a00000| PB 0x00000000e4a00000| Untracked 
|  75|0x00000000e4b00000, 0x00000000e4b00000, 0x00000000e4c00000|  0%| F|  |TAMS 0x00000000e4b00000| PB 0x00000000e4b00000| Untracked 
|  76|0x00000000e4c00000, 0x00000000e4c00000, 0x00000000e4d00000|  0%| F|  |TAMS 0x00000000e4c00000| PB 0x00000000e4c00000| Untracked 
|  77|0x00000000e4d00000, 0x00000000e4d00000, 0x00000000e4e00000|  0%| F|  |TAMS 0x00000000e4d00000| PB 0x00000000e4d00000| Untracked 
|  78|0x00000000e4e00000, 0x00000000e4e00000, 0x00000000e4f00000|  0%| F|  |TAMS 0x00000000e4e00000| PB 0x00000000e4e00000| Untracked 
|  79|0x00000000e4f00000, 0x00000000e4f00000, 0x00000000e5000000|  0%| F|  |TAMS 0x00000000e4f00000| PB 0x00000000e4f00000| Untracked 
|  80|0x00000000e5000000, 0x00000000e5000000, 0x00000000e5100000|  0%| F|  |TAMS 0x00000000e5000000| PB 0x00000000e5000000| Untracked 
|  81|0x00000000e5100000, 0x00000000e5100000, 0x00000000e5200000|  0%| F|  |TAMS 0x00000000e5100000| PB 0x00000000e5100000| Untracked 
|  82|0x00000000e5200000, 0x00000000e5200000, 0x00000000e5300000|  0%| F|  |TAMS 0x00000000e5200000| PB 0x00000000e5200000| Untracked 
|  83|0x00000000e5300000, 0x00000000e5300000, 0x00000000e5400000|  0%| F|  |TAMS 0x00000000e5300000| PB 0x00000000e5300000| Untracked 
|  84|0x00000000e5400000, 0x00000000e5400000, 0x00000000e5500000|  0%| F|  |TAMS 0x00000000e5400000| PB 0x00000000e5400000| Untracked 
|  85|0x00000000e5500000, 0x00000000e5500000, 0x00000000e5600000|  0%| F|  |TAMS 0x00000000e5500000| PB 0x00000000e5500000| Untracked 
|  86|0x00000000e5600000, 0x00000000e5600000, 0x00000000e5700000|  0%| F|  |TAMS 0x00000000e5600000| PB 0x00000000e5600000| Untracked 
|  87|0x00000000e5700000, 0x00000000e5700000, 0x00000000e5800000|  0%| F|  |TAMS 0x00000000e5700000| PB 0x00000000e5700000| Untracked 
|  88|0x00000000e5800000, 0x00000000e5800000, 0x00000000e5900000|  0%| F|  |TAMS 0x00000000e5800000| PB 0x00000000e5800000| Untracked 
|  89|0x00000000e5900000, 0x00000000e5900000, 0x00000000e5a00000|  0%| F|  |TAMS 0x00000000e5900000| PB 0x00000000e5900000| Untracked 
|  90|0x00000000e5a00000, 0x00000000e5a00000, 0x00000000e5b00000|  0%| F|  |TAMS 0x00000000e5a00000| PB 0x00000000e5a00000| Untracked 
|  91|0x00000000e5b00000, 0x00000000e5b00000, 0x00000000e5c00000|  0%| F|  |TAMS 0x00000000e5b00000| PB 0x00000000e5b00000| Untracked 
|  92|0x00000000e5c00000, 0x00000000e5c00000, 0x00000000e5d00000|  0%| F|  |TAMS 0x00000000e5c00000| PB 0x00000000e5c00000| Untracked 
|  93|0x00000000e5d00000, 0x00000000e5d00000, 0x00000000e5e00000|  0%| F|  |TAMS 0x00000000e5d00000| PB 0x00000000e5d00000| Untracked 
|  94|0x00000000e5e00000, 0x00000000e5e00000, 0x00000000e5f00000|  0%| F|  |TAMS 0x00000000e5e00000| PB 0x00000000e5e00000| Untracked 
|  95|0x00000000e5f00000, 0x00000000e5f71750, 0x00000000e6000000| 44%| S|CS|TAMS 0x00000000e5f00000| PB 0x00000000e5f00000| Complete 
|  96|0x00000000e6000000, 0x00000000e6100000, 0x00000000e6100000|100%| S|CS|TAMS 0x00000000e6000000| PB 0x00000000e6000000| Complete 
|  97|0x00000000e6100000, 0x00000000e6200000, 0x00000000e6200000|100%| S|CS|TAMS 0x00000000e6100000| PB 0x00000000e6100000| Complete 
|  98|0x00000000e6200000, 0x00000000e6300000, 0x00000000e6300000|100%| S|CS|TAMS 0x00000000e6200000| PB 0x00000000e6200000| Complete 
|  99|0x00000000e6300000, 0x00000000e6400000, 0x00000000e6400000|100%| S|CS|TAMS 0x00000000e6300000| PB 0x00000000e6300000| Complete 
| 100|0x00000000e6400000, 0x00000000e6500000, 0x00000000e6500000|100%| S|CS|TAMS 0x00000000e6400000| PB 0x00000000e6400000| Complete 
| 101|0x00000000e6500000, 0x00000000e6600000, 0x00000000e6600000|100%| S|CS|TAMS 0x00000000e6500000| PB 0x00000000e6500000| Complete 
| 102|0x00000000e6600000, 0x00000000e6700000, 0x00000000e6700000|100%| S|CS|TAMS 0x00000000e6600000| PB 0x00000000e6600000| Complete 
| 103|0x00000000e6700000, 0x00000000e6700000, 0x00000000e6800000|  0%| F|  |TAMS 0x00000000e6700000| PB 0x00000000e6700000| Untracked 
| 104|0x00000000e6800000, 0x00000000e6800000, 0x00000000e6900000|  0%| F|  |TAMS 0x00000000e6800000| PB 0x00000000e6800000| Untracked 
| 105|0x00000000e6900000, 0x00000000e6900000, 0x00000000e6a00000|  0%| F|  |TAMS 0x00000000e6900000| PB 0x00000000e6900000| Untracked 
| 106|0x00000000e6a00000, 0x00000000e6a00000, 0x00000000e6b00000|  0%| F|  |TAMS 0x00000000e6a00000| PB 0x00000000e6a00000| Untracked 
| 107|0x00000000e6b00000, 0x00000000e6b00000, 0x00000000e6c00000|  0%| F|  |TAMS 0x00000000e6b00000| PB 0x00000000e6b00000| Untracked 
| 108|0x00000000e6c00000, 0x00000000e6c00000, 0x00000000e6d00000|  0%| F|  |TAMS 0x00000000e6c00000| PB 0x00000000e6c00000| Untracked 
| 109|0x00000000e6d00000, 0x00000000e6d00000, 0x00000000e6e00000|  0%| F|  |TAMS 0x00000000e6d00000| PB 0x00000000e6d00000| Untracked 
| 110|0x00000000e6e00000, 0x00000000e6e00000, 0x00000000e6f00000|  0%| F|  |TAMS 0x00000000e6e00000| PB 0x00000000e6e00000| Untracked 
| 111|0x00000000e6f00000, 0x00000000e6f00000, 0x00000000e7000000|  0%| F|  |TAMS 0x00000000e6f00000| PB 0x00000000e6f00000| Untracked 
| 112|0x00000000e7000000, 0x00000000e7000000, 0x00000000e7100000|  0%| F|  |TAMS 0x00000000e7000000| PB 0x00000000e7000000| Untracked 
| 113|0x00000000e7100000, 0x00000000e7100000, 0x00000000e7200000|  0%| F|  |TAMS 0x00000000e7100000| PB 0x00000000e7100000| Untracked 
| 114|0x00000000e7200000, 0x00000000e7200000, 0x00000000e7300000|  0%| F|  |TAMS 0x00000000e7200000| PB 0x00000000e7200000| Untracked 
| 115|0x00000000e7300000, 0x00000000e7300000, 0x00000000e7400000|  0%| F|  |TAMS 0x00000000e7300000| PB 0x00000000e7300000| Untracked 
| 116|0x00000000e7400000, 0x00000000e7400000, 0x00000000e7500000|  0%| F|  |TAMS 0x00000000e7400000| PB 0x00000000e7400000| Untracked 
| 117|0x00000000e7500000, 0x00000000e7500000, 0x00000000e7600000|  0%| F|  |TAMS 0x00000000e7500000| PB 0x00000000e7500000| Untracked 
| 118|0x00000000e7600000, 0x00000000e7600000, 0x00000000e7700000|  0%| F|  |TAMS 0x00000000e7600000| PB 0x00000000e7600000| Untracked 
| 119|0x00000000e7700000, 0x00000000e7700000, 0x00000000e7800000|  0%| F|  |TAMS 0x00000000e7700000| PB 0x00000000e7700000| Untracked 
| 120|0x00000000e7800000, 0x00000000e7800000, 0x00000000e7900000|  0%| F|  |TAMS 0x00000000e7800000| PB 0x00000000e7800000| Untracked 
| 121|0x00000000e7900000, 0x00000000e7900000, 0x00000000e7a00000|  0%| F|  |TAMS 0x00000000e7900000| PB 0x00000000e7900000| Untracked 
| 122|0x00000000e7a00000, 0x00000000e7a00000, 0x00000000e7b00000|  0%| F|  |TAMS 0x00000000e7a00000| PB 0x00000000e7a00000| Untracked 
| 123|0x00000000e7b00000, 0x00000000e7b00000, 0x00000000e7c00000|  0%| F|  |TAMS 0x00000000e7b00000| PB 0x00000000e7b00000| Untracked 
| 124|0x00000000e7c00000, 0x00000000e7c00000, 0x00000000e7d00000|  0%| F|  |TAMS 0x00000000e7c00000| PB 0x00000000e7c00000| Untracked 
| 125|0x00000000e7d00000, 0x00000000e7d00000, 0x00000000e7e00000|  0%| F|  |TAMS 0x00000000e7d00000| PB 0x00000000e7d00000| Untracked 
| 126|0x00000000e7e00000, 0x00000000e7e00000, 0x00000000e7f00000|  0%| F|  |TAMS 0x00000000e7e00000| PB 0x00000000e7e00000| Untracked 
| 127|0x00000000e7f00000, 0x00000000e7f00000, 0x00000000e8000000|  0%| F|  |TAMS 0x00000000e7f00000| PB 0x00000000e7f00000| Untracked 
| 128|0x00000000e8000000, 0x00000000e8000000, 0x00000000e8100000|  0%| F|  |TAMS 0x00000000e8000000| PB 0x00000000e8000000| Untracked 
| 129|0x00000000e8100000, 0x00000000e8100000, 0x00000000e8200000|  0%| F|  |TAMS 0x00000000e8100000| PB 0x00000000e8100000| Untracked 
| 130|0x00000000e8200000, 0x00000000e8200000, 0x00000000e8300000|  0%| F|  |TAMS 0x00000000e8200000| PB 0x00000000e8200000| Untracked 
| 131|0x00000000e8300000, 0x00000000e8300000, 0x00000000e8400000|  0%| F|  |TAMS 0x00000000e8300000| PB 0x00000000e8300000| Untracked 
| 132|0x00000000e8400000, 0x00000000e8400000, 0x00000000e8500000|  0%| F|  |TAMS 0x00000000e8400000| PB 0x00000000e8400000| Untracked 
| 133|0x00000000e8500000, 0x00000000e8500000, 0x00000000e8600000|  0%| F|  |TAMS 0x00000000e8500000| PB 0x00000000e8500000| Untracked 
| 134|0x00000000e8600000, 0x00000000e8600000, 0x00000000e8700000|  0%| F|  |TAMS 0x00000000e8600000| PB 0x00000000e8600000| Untracked 
| 135|0x00000000e8700000, 0x00000000e8700000, 0x00000000e8800000|  0%| F|  |TAMS 0x00000000e8700000| PB 0x00000000e8700000| Untracked 
| 136|0x00000000e8800000, 0x00000000e8800000, 0x00000000e8900000|  0%| F|  |TAMS 0x00000000e8800000| PB 0x00000000e8800000| Untracked 
| 137|0x00000000e8900000, 0x00000000e8900000, 0x00000000e8a00000|  0%| F|  |TAMS 0x00000000e8900000| PB 0x00000000e8900000| Untracked 
| 138|0x00000000e8a00000, 0x00000000e8a00000, 0x00000000e8b00000|  0%| F|  |TAMS 0x00000000e8a00000| PB 0x00000000e8a00000| Untracked 
| 139|0x00000000e8b00000, 0x00000000e8b00000, 0x00000000e8c00000|  0%| F|  |TAMS 0x00000000e8b00000| PB 0x00000000e8b00000| Untracked 
| 140|0x00000000e8c00000, 0x00000000e8c00000, 0x00000000e8d00000|  0%| F|  |TAMS 0x00000000e8c00000| PB 0x00000000e8c00000| Untracked 
| 141|0x00000000e8d00000, 0x00000000e8d00000, 0x00000000e8e00000|  0%| F|  |TAMS 0x00000000e8d00000| PB 0x00000000e8d00000| Untracked 
| 142|0x00000000e8e00000, 0x00000000e8e00000, 0x00000000e8f00000|  0%| F|  |TAMS 0x00000000e8e00000| PB 0x00000000e8e00000| Untracked 
| 143|0x00000000e8f00000, 0x00000000e8f00000, 0x00000000e9000000|  0%| F|  |TAMS 0x00000000e8f00000| PB 0x00000000e8f00000| Untracked 
| 144|0x00000000e9000000, 0x00000000e9000000, 0x00000000e9100000|  0%| F|  |TAMS 0x00000000e9000000| PB 0x00000000e9000000| Untracked 
| 145|0x00000000e9100000, 0x00000000e9100000, 0x00000000e9200000|  0%| F|  |TAMS 0x00000000e9100000| PB 0x00000000e9100000| Untracked 
| 146|0x00000000e9200000, 0x00000000e9200000, 0x00000000e9300000|  0%| F|  |TAMS 0x00000000e9200000| PB 0x00000000e9200000| Untracked 
| 147|0x00000000e9300000, 0x00000000e9300000, 0x00000000e9400000|  0%| F|  |TAMS 0x00000000e9300000| PB 0x00000000e9300000| Untracked 
| 148|0x00000000e9400000, 0x00000000e9400000, 0x00000000e9500000|  0%| F|  |TAMS 0x00000000e9400000| PB 0x00000000e9400000| Untracked 
| 149|0x00000000e9500000, 0x00000000e9500000, 0x00000000e9600000|  0%| F|  |TAMS 0x00000000e9500000| PB 0x00000000e9500000| Untracked 
| 150|0x00000000e9600000, 0x00000000e9600000, 0x00000000e9700000|  0%| F|  |TAMS 0x00000000e9600000| PB 0x00000000e9600000| Untracked 
| 151|0x00000000e9700000, 0x00000000e9700000, 0x00000000e9800000|  0%| F|  |TAMS 0x00000000e9700000| PB 0x00000000e9700000| Untracked 
| 152|0x00000000e9800000, 0x00000000e9800000, 0x00000000e9900000|  0%| F|  |TAMS 0x00000000e9800000| PB 0x00000000e9800000| Untracked 
| 153|0x00000000e9900000, 0x00000000e9900000, 0x00000000e9a00000|  0%| F|  |TAMS 0x00000000e9900000| PB 0x00000000e9900000| Untracked 
| 154|0x00000000e9a00000, 0x00000000e9a00000, 0x00000000e9b00000|  0%| F|  |TAMS 0x00000000e9a00000| PB 0x00000000e9a00000| Untracked 
| 155|0x00000000e9b00000, 0x00000000e9b00000, 0x00000000e9c00000|  0%| F|  |TAMS 0x00000000e9b00000| PB 0x00000000e9b00000| Untracked 
| 156|0x00000000e9c00000, 0x00000000e9c00000, 0x00000000e9d00000|  0%| F|  |TAMS 0x00000000e9c00000| PB 0x00000000e9c00000| Untracked 
| 157|0x00000000e9d00000, 0x00000000e9d00000, 0x00000000e9e00000|  0%| F|  |TAMS 0x00000000e9d00000| PB 0x00000000e9d00000| Untracked 
| 158|0x00000000e9e00000, 0x00000000e9e00000, 0x00000000e9f00000|  0%| F|  |TAMS 0x00000000e9e00000| PB 0x00000000e9e00000| Untracked 
| 159|0x00000000e9f00000, 0x00000000e9f00000, 0x00000000ea000000|  0%| F|  |TAMS 0x00000000e9f00000| PB 0x00000000e9f00000| Untracked 
| 160|0x00000000ea000000, 0x00000000ea000000, 0x00000000ea100000|  0%| F|  |TAMS 0x00000000ea000000| PB 0x00000000ea000000| Untracked 
| 161|0x00000000ea100000, 0x00000000ea100000, 0x00000000ea200000|  0%| F|  |TAMS 0x00000000ea100000| PB 0x00000000ea100000| Untracked 
| 162|0x00000000ea200000, 0x00000000ea200000, 0x00000000ea300000|  0%| F|  |TAMS 0x00000000ea200000| PB 0x00000000ea200000| Untracked 
| 163|0x00000000ea300000, 0x00000000ea300000, 0x00000000ea400000|  0%| F|  |TAMS 0x00000000ea300000| PB 0x00000000ea300000| Untracked 
| 164|0x00000000ea400000, 0x00000000ea400000, 0x00000000ea500000|  0%| F|  |TAMS 0x00000000ea400000| PB 0x00000000ea400000| Untracked 
| 165|0x00000000ea500000, 0x00000000ea500000, 0x00000000ea600000|  0%| F|  |TAMS 0x00000000ea500000| PB 0x00000000ea500000| Untracked 
| 166|0x00000000ea600000, 0x00000000ea600000, 0x00000000ea700000|  0%| F|  |TAMS 0x00000000ea600000| PB 0x00000000ea600000| Untracked 
| 167|0x00000000ea700000, 0x00000000ea700000, 0x00000000ea800000|  0%| F|  |TAMS 0x00000000ea700000| PB 0x00000000ea700000| Untracked 
| 168|0x00000000ea800000, 0x00000000ea800000, 0x00000000ea900000|  0%| F|  |TAMS 0x00000000ea800000| PB 0x00000000ea800000| Untracked 
| 169|0x00000000ea900000, 0x00000000ea900000, 0x00000000eaa00000|  0%| F|  |TAMS 0x00000000ea900000| PB 0x00000000ea900000| Untracked 
| 170|0x00000000eaa00000, 0x00000000eaa00000, 0x00000000eab00000|  0%| F|  |TAMS 0x00000000eaa00000| PB 0x00000000eaa00000| Untracked 
| 171|0x00000000eab00000, 0x00000000eab00000, 0x00000000eac00000|  0%| F|  |TAMS 0x00000000eab00000| PB 0x00000000eab00000| Untracked 
| 172|0x00000000eac00000, 0x00000000eac00000, 0x00000000ead00000|  0%| F|  |TAMS 0x00000000eac00000| PB 0x00000000eac00000| Untracked 
| 173|0x00000000ead00000, 0x00000000ead00000, 0x00000000eae00000|  0%| F|  |TAMS 0x00000000ead00000| PB 0x00000000ead00000| Untracked 
| 174|0x00000000eae00000, 0x00000000eae00000, 0x00000000eaf00000|  0%| F|  |TAMS 0x00000000eae00000| PB 0x00000000eae00000| Untracked 
| 175|0x00000000eaf00000, 0x00000000eaf00000, 0x00000000eb000000|  0%| F|  |TAMS 0x00000000eaf00000| PB 0x00000000eaf00000| Untracked 
| 176|0x00000000eb000000, 0x00000000eb000000, 0x00000000eb100000|  0%| F|  |TAMS 0x00000000eb000000| PB 0x00000000eb000000| Untracked 
| 177|0x00000000eb100000, 0x00000000eb100000, 0x00000000eb200000|  0%| F|  |TAMS 0x00000000eb100000| PB 0x00000000eb100000| Untracked 
| 178|0x00000000eb200000, 0x00000000eb200000, 0x00000000eb300000|  0%| F|  |TAMS 0x00000000eb200000| PB 0x00000000eb200000| Untracked 
| 179|0x00000000eb300000, 0x00000000eb300000, 0x00000000eb400000|  0%| F|  |TAMS 0x00000000eb300000| PB 0x00000000eb300000| Untracked 
| 180|0x00000000eb400000, 0x00000000eb400000, 0x00000000eb500000|  0%| F|  |TAMS 0x00000000eb400000| PB 0x00000000eb400000| Untracked 
| 181|0x00000000eb500000, 0x00000000eb500000, 0x00000000eb600000|  0%| F|  |TAMS 0x00000000eb500000| PB 0x00000000eb500000| Untracked 
| 182|0x00000000eb600000, 0x00000000eb600000, 0x00000000eb700000|  0%| F|  |TAMS 0x00000000eb600000| PB 0x00000000eb600000| Untracked 
| 183|0x00000000eb700000, 0x00000000eb700000, 0x00000000eb800000|  0%| F|  |TAMS 0x00000000eb700000| PB 0x00000000eb700000| Untracked 
| 184|0x00000000eb800000, 0x00000000eb800000, 0x00000000eb900000|  0%| F|  |TAMS 0x00000000eb800000| PB 0x00000000eb800000| Untracked 
| 185|0x00000000eb900000, 0x00000000eb900000, 0x00000000eba00000|  0%| F|  |TAMS 0x00000000eb900000| PB 0x00000000eb900000| Untracked 
| 186|0x00000000eba00000, 0x00000000eba00000, 0x00000000ebb00000|  0%| F|  |TAMS 0x00000000eba00000| PB 0x00000000eba00000| Untracked 
| 187|0x00000000ebb00000, 0x00000000ebb00000, 0x00000000ebc00000|  0%| F|  |TAMS 0x00000000ebb00000| PB 0x00000000ebb00000| Untracked 
| 188|0x00000000ebc00000, 0x00000000ebc00000, 0x00000000ebd00000|  0%| F|  |TAMS 0x00000000ebc00000| PB 0x00000000ebc00000| Untracked 
| 189|0x00000000ebd00000, 0x00000000ebd00000, 0x00000000ebe00000|  0%| F|  |TAMS 0x00000000ebd00000| PB 0x00000000ebd00000| Untracked 
| 190|0x00000000ebe00000, 0x00000000ebe00000, 0x00000000ebf00000|  0%| F|  |TAMS 0x00000000ebe00000| PB 0x00000000ebe00000| Untracked 
| 191|0x00000000ebf00000, 0x00000000ebf00000, 0x00000000ec000000|  0%| F|  |TAMS 0x00000000ebf00000| PB 0x00000000ebf00000| Untracked 
| 192|0x00000000ec000000, 0x00000000ec000000, 0x00000000ec100000|  0%| F|  |TAMS 0x00000000ec000000| PB 0x00000000ec000000| Untracked 
| 193|0x00000000ec100000, 0x00000000ec100000, 0x00000000ec200000|  0%| F|  |TAMS 0x00000000ec100000| PB 0x00000000ec100000| Untracked 
| 194|0x00000000ec200000, 0x00000000ec200000, 0x00000000ec300000|  0%| F|  |TAMS 0x00000000ec200000| PB 0x00000000ec200000| Untracked 
| 195|0x00000000ec300000, 0x00000000ec300000, 0x00000000ec400000|  0%| F|  |TAMS 0x00000000ec300000| PB 0x00000000ec300000| Untracked 
| 196|0x00000000ec400000, 0x00000000ec400000, 0x00000000ec500000|  0%| F|  |TAMS 0x00000000ec400000| PB 0x00000000ec400000| Untracked 
| 197|0x00000000ec500000, 0x00000000ec500000, 0x00000000ec600000|  0%| F|  |TAMS 0x00000000ec500000| PB 0x00000000ec500000| Untracked 
| 198|0x00000000ec600000, 0x00000000ec600000, 0x00000000ec700000|  0%| F|  |TAMS 0x00000000ec600000| PB 0x00000000ec600000| Untracked 
| 199|0x00000000ec700000, 0x00000000ec700000, 0x00000000ec800000|  0%| F|  |TAMS 0x00000000ec700000| PB 0x00000000ec700000| Untracked 
| 200|0x00000000ec800000, 0x00000000ec800000, 0x00000000ec900000|  0%| F|  |TAMS 0x00000000ec800000| PB 0x00000000ec800000| Untracked 
| 201|0x00000000ec900000, 0x00000000ec900000, 0x00000000eca00000|  0%| F|  |TAMS 0x00000000ec900000| PB 0x00000000ec900000| Untracked 
| 202|0x00000000eca00000, 0x00000000eca00000, 0x00000000ecb00000|  0%| F|  |TAMS 0x00000000eca00000| PB 0x00000000eca00000| Untracked 
| 203|0x00000000ecb00000, 0x00000000ecb00000, 0x00000000ecc00000|  0%| F|  |TAMS 0x00000000ecb00000| PB 0x00000000ecb00000| Untracked 
| 204|0x00000000ecc00000, 0x00000000ecc00000, 0x00000000ecd00000|  0%| F|  |TAMS 0x00000000ecc00000| PB 0x00000000ecc00000| Untracked 
| 205|0x00000000ecd00000, 0x00000000ecd00000, 0x00000000ece00000|  0%| F|  |TAMS 0x00000000ecd00000| PB 0x00000000ecd00000| Untracked 
| 206|0x00000000ece00000, 0x00000000ece00000, 0x00000000ecf00000|  0%| F|  |TAMS 0x00000000ece00000| PB 0x00000000ece00000| Untracked 
| 207|0x00000000ecf00000, 0x00000000ecf00000, 0x00000000ed000000|  0%| F|  |TAMS 0x00000000ecf00000| PB 0x00000000ecf00000| Untracked 
| 208|0x00000000ed000000, 0x00000000ed000000, 0x00000000ed100000|  0%| F|  |TAMS 0x00000000ed000000| PB 0x00000000ed000000| Untracked 
| 209|0x00000000ed100000, 0x00000000ed100000, 0x00000000ed200000|  0%| F|  |TAMS 0x00000000ed100000| PB 0x00000000ed100000| Untracked 
| 210|0x00000000ed200000, 0x00000000ed200000, 0x00000000ed300000|  0%| F|  |TAMS 0x00000000ed200000| PB 0x00000000ed200000| Untracked 
| 211|0x00000000ed300000, 0x00000000ed300000, 0x00000000ed400000|  0%| F|  |TAMS 0x00000000ed300000| PB 0x00000000ed300000| Untracked 
| 212|0x00000000ed400000, 0x00000000ed400000, 0x00000000ed500000|  0%| F|  |TAMS 0x00000000ed400000| PB 0x00000000ed400000| Untracked 
| 213|0x00000000ed500000, 0x00000000ed500000, 0x00000000ed600000|  0%| F|  |TAMS 0x00000000ed500000| PB 0x00000000ed500000| Untracked 
| 214|0x00000000ed600000, 0x00000000ed600000, 0x00000000ed700000|  0%| F|  |TAMS 0x00000000ed600000| PB 0x00000000ed600000| Untracked 
| 215|0x00000000ed700000, 0x00000000ed700000, 0x00000000ed800000|  0%| F|  |TAMS 0x00000000ed700000| PB 0x00000000ed700000| Untracked 
| 216|0x00000000ed800000, 0x00000000ed800000, 0x00000000ed900000|  0%| F|  |TAMS 0x00000000ed800000| PB 0x00000000ed800000| Untracked 
| 217|0x00000000ed900000, 0x00000000ed900000, 0x00000000eda00000|  0%| F|  |TAMS 0x00000000ed900000| PB 0x00000000ed900000| Untracked 
| 218|0x00000000eda00000, 0x00000000eda00000, 0x00000000edb00000|  0%| F|  |TAMS 0x00000000eda00000| PB 0x00000000eda00000| Untracked 
| 219|0x00000000edb00000, 0x00000000edb00000, 0x00000000edc00000|  0%| F|  |TAMS 0x00000000edb00000| PB 0x00000000edb00000| Untracked 
| 220|0x00000000edc00000, 0x00000000edc00000, 0x00000000edd00000|  0%| F|  |TAMS 0x00000000edc00000| PB 0x00000000edc00000| Untracked 
| 221|0x00000000edd00000, 0x00000000edd00000, 0x00000000ede00000|  0%| F|  |TAMS 0x00000000edd00000| PB 0x00000000edd00000| Untracked 
| 222|0x00000000ede00000, 0x00000000edf00000, 0x00000000edf00000|100%| E|  |TAMS 0x00000000ede00000| PB 0x00000000ede00000| Complete 
| 223|0x00000000edf00000, 0x00000000ee000000, 0x00000000ee000000|100%| E|CS|TAMS 0x00000000edf00000| PB 0x00000000edf00000| Complete 
| 224|0x00000000ee000000, 0x00000000ee100000, 0x00000000ee100000|100%| E|CS|TAMS 0x00000000ee000000| PB 0x00000000ee000000| Complete 
| 225|0x00000000ee100000, 0x00000000ee200000, 0x00000000ee200000|100%| E|CS|TAMS 0x00000000ee100000| PB 0x00000000ee100000| Complete 
| 226|0x00000000ee200000, 0x00000000ee300000, 0x00000000ee300000|100%| E|CS|TAMS 0x00000000ee200000| PB 0x00000000ee200000| Complete 
| 227|0x00000000ee300000, 0x00000000ee400000, 0x00000000ee400000|100%| E|CS|TAMS 0x00000000ee300000| PB 0x00000000ee300000| Complete 
| 228|0x00000000ee400000, 0x00000000ee500000, 0x00000000ee500000|100%| E|CS|TAMS 0x00000000ee400000| PB 0x00000000ee400000| Complete 
| 229|0x00000000ee500000, 0x00000000ee600000, 0x00000000ee600000|100%| E|CS|TAMS 0x00000000ee500000| PB 0x00000000ee500000| Complete 
| 230|0x00000000ee600000, 0x00000000ee700000, 0x00000000ee700000|100%| E|CS|TAMS 0x00000000ee600000| PB 0x00000000ee600000| Complete 
| 231|0x00000000ee700000, 0x00000000ee800000, 0x00000000ee800000|100%| E|CS|TAMS 0x00000000ee700000| PB 0x00000000ee700000| Complete 
| 232|0x00000000ee800000, 0x00000000ee900000, 0x00000000ee900000|100%| E|CS|TAMS 0x00000000ee800000| PB 0x00000000ee800000| Complete 
| 233|0x00000000ee900000, 0x00000000eea00000, 0x00000000eea00000|100%| E|CS|TAMS 0x00000000ee900000| PB 0x00000000ee900000| Complete 
| 234|0x00000000eea00000, 0x00000000eeb00000, 0x00000000eeb00000|100%| E|CS|TAMS 0x00000000eea00000| PB 0x00000000eea00000| Complete 
| 235|0x00000000eeb00000, 0x00000000eec00000, 0x00000000eec00000|100%| E|CS|TAMS 0x00000000eeb00000| PB 0x00000000eeb00000| Complete 
| 236|0x00000000eec00000, 0x00000000eed00000, 0x00000000eed00000|100%| E|CS|TAMS 0x00000000eec00000| PB 0x00000000eec00000| Complete 
| 237|0x00000000eed00000, 0x00000000eee00000, 0x00000000eee00000|100%| E|CS|TAMS 0x00000000eed00000| PB 0x00000000eed00000| Complete 
| 238|0x00000000eee00000, 0x00000000eef00000, 0x00000000eef00000|100%| E|CS|TAMS 0x00000000eee00000| PB 0x00000000eee00000| Complete 
| 239|0x00000000eef00000, 0x00000000ef000000, 0x00000000ef000000|100%| E|CS|TAMS 0x00000000eef00000| PB 0x00000000eef00000| Complete 
| 240|0x00000000ef000000, 0x00000000ef100000, 0x00000000ef100000|100%| E|CS|TAMS 0x00000000ef000000| PB 0x00000000ef000000| Complete 
| 241|0x00000000ef100000, 0x00000000ef200000, 0x00000000ef200000|100%| E|CS|TAMS 0x00000000ef100000| PB 0x00000000ef100000| Complete 
| 242|0x00000000ef200000, 0x00000000ef300000, 0x00000000ef300000|100%| E|CS|TAMS 0x00000000ef200000| PB 0x00000000ef200000| Complete 
| 243|0x00000000ef300000, 0x00000000ef400000, 0x00000000ef400000|100%| E|CS|TAMS 0x00000000ef300000| PB 0x00000000ef300000| Complete 
| 244|0x00000000ef400000, 0x00000000ef500000, 0x00000000ef500000|100%| E|CS|TAMS 0x00000000ef400000| PB 0x00000000ef400000| Complete 
| 245|0x00000000ef500000, 0x00000000ef600000, 0x00000000ef600000|100%| E|CS|TAMS 0x00000000ef500000| PB 0x00000000ef500000| Complete 
| 246|0x00000000ef600000, 0x00000000ef700000, 0x00000000ef700000|100%| E|CS|TAMS 0x00000000ef600000| PB 0x00000000ef600000| Complete 
| 247|0x00000000ef700000, 0x00000000ef800000, 0x00000000ef800000|100%| E|CS|TAMS 0x00000000ef700000| PB 0x00000000ef700000| Complete 
| 248|0x00000000ef800000, 0x00000000ef900000, 0x00000000ef900000|100%| E|CS|TAMS 0x00000000ef800000| PB 0x00000000ef800000| Complete 
| 249|0x00000000ef900000, 0x00000000efa00000, 0x00000000efa00000|100%| E|CS|TAMS 0x00000000ef900000| PB 0x00000000ef900000| Complete 
| 250|0x00000000efa00000, 0x00000000efb00000, 0x00000000efb00000|100%| E|CS|TAMS 0x00000000efa00000| PB 0x00000000efa00000| Complete 
| 251|0x00000000efb00000, 0x00000000efc00000, 0x00000000efc00000|100%| E|CS|TAMS 0x00000000efb00000| PB 0x00000000efb00000| Complete 
| 252|0x00000000efc00000, 0x00000000efd00000, 0x00000000efd00000|100%| E|CS|TAMS 0x00000000efc00000| PB 0x00000000efc00000| Complete 
| 253|0x00000000efd00000, 0x00000000efe00000, 0x00000000efe00000|100%| E|CS|TAMS 0x00000000efd00000| PB 0x00000000efd00000| Complete 
| 254|0x00000000efe00000, 0x00000000eff00000, 0x00000000eff00000|100%| E|CS|TAMS 0x00000000efe00000| PB 0x00000000efe00000| Complete 
| 255|0x00000000eff00000, 0x00000000f0000000, 0x00000000f0000000|100%| E|CS|TAMS 0x00000000eff00000| PB 0x00000000eff00000| Complete 

Card table byte_map: [0x0000012afe070000,0x0000012afe170000] _byte_map_base: 0x0000012afd970000

Marking Bits: (CMBitMap*) 0x0000012aeba5e800
 Bits: [0x0000012afe170000, 0x0000012afe970000)

Polling page: 0x0000012ae9850000

Metaspace:

Usage:
  Non-class:     59.83 MB used.
      Class:     10.23 MB used.
       Both:     70.06 MB used.

Virtual space:
  Non-class space:       64.00 MB reserved,      60.94 MB ( 95%) committed,  1 nodes.
      Class space:      320.00 MB reserved,      11.31 MB (  4%) committed,  1 nodes.
             Both:      384.00 MB reserved,      72.25 MB ( 19%) committed. 

Chunk freelists:
   Non-Class:  2.19 MB
       Class:  4.71 MB
        Both:  6.90 MB

MaxMetaspaceSize: 384.00 MB
CompressedClassSpaceSize: 320.00 MB
Initial GC threshold: 21.00 MB
Current GC threshold: 98.69 MB
CDS: on
 - commit_granule_bytes: 65536.
 - commit_granule_words: 8192.
 - virtual_space_node_default_size: 8388608.
 - enlarge_chunks_in_place: 1.
 - use_allocation_guard: 0.


Internal statistics:

num_allocs_failed_limit: 12.
num_arena_births: 3982.
num_arena_deaths: 0.
num_vsnodes_births: 2.
num_vsnodes_deaths: 0.
num_space_committed: 1156.
num_space_uncommitted: 0.
num_chunks_returned_to_freelist: 12.
num_chunks_taken_from_freelist: 7461.
num_chunk_merges: 12.
num_chunk_splits: 4876.
num_chunks_enlarged: 2982.
num_inconsistent_stats: 0.

CodeHeap 'non-profiled nmethods': size=120000Kb used=4722Kb max_used=4722Kb free=115277Kb
 bounds [0x0000012af6700000, 0x0000012af6ba0000, 0x0000012afdc30000]
CodeHeap 'profiled nmethods': size=120000Kb used=15768Kb max_used=15768Kb free=104231Kb
 bounds [0x0000012aeec30000, 0x0000012aefba0000, 0x0000012af6160000]
CodeHeap 'non-nmethods': size=5760Kb used=2157Kb max_used=2196Kb free=3602Kb
 bounds [0x0000012af6160000, 0x0000012af63d0000, 0x0000012af6700000]
CodeCache: size=245760Kb, used=22647Kb, max_used=22686Kb, free=223110Kb
 total_blobs=9096, nmethods=8276, adapters=724, full_count=0
Compilation: enabled, stopped_count=0, restarted_count=0

Compilation events (20 events):
Event: 34.348 Thread 0x0000012aff40b960 nmethod 8958 0x0000012aefb87c90 code [0x0000012aefb87f60, 0x0000012aefb88d58]
Event: 34.348 Thread 0x0000012aff40b960 8959       3       org.gradle.internal.fingerprint.classpath.impl.ClasspathFingerprintingStrategy$ClasspathFingerprintingVisitor::access$100 (7 bytes)
Event: 34.348 Thread 0x0000012aff40b960 nmethod 8959 0x0000012aefb89310 code [0x0000012aefb894c0, 0x0000012aefb895e0]
Event: 34.348 Thread 0x0000012aff40b960 8960   !   3       org.gradle.internal.fingerprint.classpath.impl.ClasspathFingerprintingStrategy$ClasspathFingerprintingVisitor::hashContent (133 bytes)
Event: 34.348 Thread 0x0000012aff8e6250 nmethod 8948 0x0000012af6b9b490 code [0x0000012af6b9b6a0, 0x0000012af6b9bb90]
Event: 34.349 Thread 0x0000012aff8e6250 8966       4       java.util.LinkedHashMap::keysToArray (80 bytes)
Event: 34.350 Thread 0x0000012aff40b960 nmethod 8960 0x0000012aefb89690 code [0x0000012aefb89a40, 0x0000012aefb8b110]
Event: 34.350 Thread 0x0000012aff40b960 8961       3       org.gradle.internal.fingerprint.classpath.impl.ClasspathFingerprintingStrategy$ClasspathFingerprintingVisitor$$Lambda/0x0000012a83590240::<init> (10 bytes)
Event: 34.350 Thread 0x0000012aff40b960 nmethod 8961 0x0000012aefb8bd90 code [0x0000012aefb8bf40, 0x0000012aefb8c0f8]
Event: 34.350 Thread 0x0000012aff40b960 8962       3       org.gradle.api.internal.changedetection.state.DefaultRegularFileSnapshotContext::<init> (15 bytes)
Event: 34.350 Thread 0x0000012aff40b960 nmethod 8962 0x0000012aefb8c190 code [0x0000012aefb8c340, 0x0000012aefb8c560]
Event: 34.350 Thread 0x0000012aff40b960 8965       3       org.gradle.kotlin.dsl.normalization.KotlinDslCompileAvoidanceClasspathHashCache$sam$java_util_function_Supplier$0::<init> (16 bytes)
Event: 34.351 Thread 0x0000012aff40b960 nmethod 8965 0x0000012aefb8c610 code [0x0000012aefb8c840, 0x0000012aefb8cea0]
Event: 34.351 Thread 0x0000012aff40b960 8963       3       org.gradle.api.internal.changedetection.state.ZipHasher::isZipFile (19 bytes)
Event: 34.351 Thread 0x0000012aff40b960 nmethod 8963 0x0000012aefb8d110 code [0x0000012aefb8d340, 0x0000012aefb8d938]
Event: 34.351 Thread 0x0000012aff40b960 8964       3       org.apache.commons.io.FilenameUtils::getExtension (27 bytes)
Event: 34.351 Thread 0x0000012aff40b960 nmethod 8964 0x0000012aefb8db90 code [0x0000012aefb8dd80, 0x0000012aefb8e128]
Event: 34.351 Thread 0x0000012aff40b960 8967       3       org.gradle.kotlin.dsl.normalization.KotlinDslCompileAvoidanceClasspathHashCache::getHash (43 bytes)
Event: 34.352 Thread 0x0000012aff40b960 nmethod 8967 0x0000012aefb8e290 code [0x0000012aefb8e5e0, 0x0000012aefb8f800]
Event: 34.355 Thread 0x0000012aff8e6250 nmethod 8966 0x0000012af6b9c010 code [0x0000012af6b9c1c0, 0x0000012af6b9c6e0]

GC Heap History (16 events):
Event: 0.694 GC heap before
{Heap before GC invocations=0 (full 0):
 garbage-first heap   total 262144K, used 22528K [0x00000000e0000000, 0x0000000100000000)
  region size 1024K, 23 young (23552K), 0 survivors (0K)
 Metaspace       used 875K, committed 1024K, reserved 393216K
  class space    used 70K, committed 128K, reserved 327680K
}
Event: 0.711 GC heap after
{Heap after GC invocations=1 (full 0):
 garbage-first heap   total 262144K, used 1493K [0x00000000e0000000, 0x0000000100000000)
  region size 1024K, 2 young (2048K), 2 survivors (2048K)
 Metaspace       used 875K, committed 1024K, reserved 393216K
  class space    used 70K, committed 128K, reserved 327680K
}
Event: 1.887 GC heap before
{Heap before GC invocations=1 (full 0):
 garbage-first heap   total 262144K, used 42453K [0x00000000e0000000, 0x0000000100000000)
  region size 1024K, 38 young (38912K), 2 survivors (2048K)
 Metaspace       used 4549K, committed 4800K, reserved 393216K
  class space    used 582K, committed 704K, reserved 327680K
}
Event: 1.893 GC heap after
{Heap after GC invocations=2 (full 0):
 garbage-first heap   total 262144K, used 11594K [0x00000000e0000000, 0x0000000100000000)
  region size 1024K, 5 young (5120K), 5 survivors (5120K)
 Metaspace       used 4549K, committed 4800K, reserved 393216K
  class space    used 582K, committed 704K, reserved 327680K
}
Event: 3.487 GC heap before
{Heap before GC invocations=2 (full 0):
 garbage-first heap   total 262144K, used 75082K [0x00000000e0000000, 0x0000000100000000)
  region size 1024K, 66 young (67584K), 5 survivors (5120K)
 Metaspace       used 8732K, committed 9088K, reserved 393216K
  class space    used 1176K, committed 1344K, reserved 327680K
}
Event: 3.496 GC heap after
{Heap after GC invocations=3 (full 0):
 garbage-first heap   total 262144K, used 19141K [0x00000000e0000000, 0x0000000100000000)
  region size 1024K, 9 young (9216K), 9 survivors (9216K)
 Metaspace       used 8732K, committed 9088K, reserved 393216K
  class space    used 1176K, committed 1344K, reserved 327680K
}
Event: 5.902 GC heap before
{Heap before GC invocations=3 (full 0):
 garbage-first heap   total 262144K, used 92869K [0x00000000e0000000, 0x0000000100000000)
  region size 1024K, 81 young (82944K), 9 survivors (9216K)
 Metaspace       used 20838K, committed 21504K, reserved 393216K
  class space    used 2883K, committed 3200K, reserved 327680K
}
Event: 5.910 GC heap after
{Heap after GC invocations=4 (full 0):
 garbage-first heap   total 262144K, used 24261K [0x00000000e0000000, 0x0000000100000000)
  region size 1024K, 14 young (14336K), 14 survivors (14336K)
 Metaspace       used 20838K, committed 21504K, reserved 393216K
  class space    used 2883K, committed 3200K, reserved 327680K
}
Event: 9.170 GC heap before
{Heap before GC invocations=5 (full 0):
 garbage-first heap   total 262144K, used 128709K [0x00000000e0000000, 0x0000000100000000)
  region size 1024K, 118 young (120832K), 14 survivors (14336K)
 Metaspace       used 34600K, committed 35968K, reserved 393216K
  class space    used 5055K, committed 5760K, reserved 327680K
}
Event: 9.183 GC heap after
{Heap after GC invocations=6 (full 0):
 garbage-first heap   total 262144K, used 31562K [0x00000000e0000000, 0x0000000100000000)
  region size 1024K, 17 young (17408K), 17 survivors (17408K)
 Metaspace       used 34600K, committed 35968K, reserved 393216K
  class space    used 5055K, committed 5760K, reserved 327680K
}
Event: 13.331 GC heap before
{Heap before GC invocations=7 (full 0):
 garbage-first heap   total 262144K, used 170826K [0x00000000e0000000, 0x0000000100000000)
  region size 1024K, 153 young (156672K), 17 survivors (17408K)
 Metaspace       used 48288K, committed 50048K, reserved 393216K
  class space    used 7130K, committed 7936K, reserved 327680K
}
Event: 13.346 GC heap after
{Heap after GC invocations=8 (full 0):
 garbage-first heap   total 262144K, used 39103K [0x00000000e0000000, 0x0000000100000000)
  region size 1024K, 15 young (15360K), 15 survivors (15360K)
 Metaspace       used 48288K, committed 50048K, reserved 393216K
  class space    used 7130K, committed 7936K, reserved 327680K
}
Event: 28.133 GC heap before
{Heap before GC invocations=8 (full 0):
 garbage-first heap   total 262144K, used 176319K [0x00000000e0000000, 0x0000000100000000)
  region size 1024K, 145 young (148480K), 15 survivors (15360K)
 Metaspace       used 58172K, committed 60160K, reserved 393216K
  class space    used 8522K, committed 9472K, reserved 327680K
}
Event: 28.149 GC heap after
{Heap after GC invocations=9 (full 0):
 garbage-first heap   total 262144K, used 56457K [0x00000000e0000000, 0x0000000100000000)
  region size 1024K, 20 young (20480K), 20 survivors (20480K)
 Metaspace       used 58172K, committed 60160K, reserved 393216K
  class space    used 8522K, committed 9472K, reserved 327680K
}
Event: 32.396 GC heap before
{Heap before GC invocations=10 (full 0):
 garbage-first heap   total 262144K, used 192649K [0x00000000e0000000, 0x0000000100000000)
  region size 1024K, 153 young (156672K), 20 survivors (20480K)
 Metaspace       used 69716K, committed 71872K, reserved 393216K
  class space    used 10217K, committed 11264K, reserved 327680K
}
Event: 32.413 GC heap after
{Heap after GC invocations=11 (full 0):
 garbage-first heap   total 262144K, used 63429K [0x00000000e0000000, 0x0000000100000000)
  region size 1024K, 8 young (8192K), 8 survivors (8192K)
 Metaspace       used 69716K, committed 71872K, reserved 393216K
  class space    used 10217K, committed 11264K, reserved 327680K
}

Dll operation events (14 events):
Event: 0.034 Loaded shared library C:\Users\lenovo\.antigravity\extensions\redhat.java-1.54.0-win32-x64\jre\21.0.10-win32-x86_64\bin\java.dll
Event: 0.162 Loaded shared library C:\Users\lenovo\.antigravity\extensions\redhat.java-1.54.0-win32-x64\jre\21.0.10-win32-x86_64\bin\zip.dll
Event: 0.188 Loaded shared library C:\Users\lenovo\.antigravity\extensions\redhat.java-1.54.0-win32-x64\jre\21.0.10-win32-x86_64\bin\instrument.dll
Event: 0.228 Loaded shared library C:\Users\lenovo\.antigravity\extensions\redhat.java-1.54.0-win32-x64\jre\21.0.10-win32-x86_64\bin\net.dll
Event: 0.233 Loaded shared library C:\Users\lenovo\.antigravity\extensions\redhat.java-1.54.0-win32-x64\jre\21.0.10-win32-x86_64\bin\nio.dll
Event: 0.238 Loaded shared library C:\Users\lenovo\.antigravity\extensions\redhat.java-1.54.0-win32-x64\jre\21.0.10-win32-x86_64\bin\zip.dll
Event: 0.715 Loaded shared library C:\Users\lenovo\.antigravity\extensions\redhat.java-1.54.0-win32-x64\jre\21.0.10-win32-x86_64\bin\jimage.dll
Event: 1.099 Loaded shared library C:\Users\lenovo\.antigravity\extensions\redhat.java-1.54.0-win32-x64\jre\21.0.10-win32-x86_64\bin\verify.dll
Event: 1.175 Loaded shared library D:\.gradle\native\660c5614fbf4a5f2a75b1949f50a0caf5cd603558e7d8a26e50b933a0cfb79d1\windows-amd64\native-platform.dll
Event: 1.207 Loaded shared library D:\.gradle\native\0.2.8\x86_64-windows-gnu\gradle-fileevents.dll
Event: 2.777 Loaded shared library C:\Users\lenovo\.antigravity\extensions\redhat.java-1.54.0-win32-x64\jre\21.0.10-win32-x86_64\bin\management.dll
Event: 2.785 Loaded shared library C:\Users\lenovo\.antigravity\extensions\redhat.java-1.54.0-win32-x64\jre\21.0.10-win32-x86_64\bin\management_ext.dll
Event: 3.260 Loaded shared library C:\Users\lenovo\.antigravity\extensions\redhat.java-1.54.0-win32-x64\jre\21.0.10-win32-x86_64\bin\extnet.dll
Event: 3.816 Loaded shared library C:\Users\lenovo\.antigravity\extensions\redhat.java-1.54.0-win32-x64\jre\21.0.10-win32-x86_64\bin\sunmscapi.dll

Deoptimization events (20 events):
Event: 33.803 Thread 0x0000012a9c1ade10 DEOPT PACKING pc=0x0000012aeec53061 sp=0x0000001e169f7a20
Event: 33.803 Thread 0x0000012a9c1ade10 DEOPT UNPACKING pc=0x0000012af61b86e2 sp=0x0000001e169f6f10 mode 0
Event: 33.803 Thread 0x0000012a9c1ade10 DEOPT PACKING pc=0x0000012aeecc2606 sp=0x0000001e169f7a30
Event: 33.803 Thread 0x0000012a9c1ade10 DEOPT UNPACKING pc=0x0000012af61b86e2 sp=0x0000001e169f6f18 mode 0
Event: 33.807 Thread 0x0000012a9c1ade10 DEOPT PACKING pc=0x0000012aeec53061 sp=0x0000001e169f7a20
Event: 33.807 Thread 0x0000012a9c1ade10 DEOPT UNPACKING pc=0x0000012af61b86e2 sp=0x0000001e169f6f10 mode 0
Event: 33.807 Thread 0x0000012a9c1ade10 DEOPT PACKING pc=0x0000012aeecc2606 sp=0x0000001e169f7a30
Event: 33.807 Thread 0x0000012a9c1ade10 DEOPT UNPACKING pc=0x0000012af61b86e2 sp=0x0000001e169f6f18 mode 0
Event: 33.809 Thread 0x0000012a9c1ade10 Uncommon trap: trap_request=0xffffff45 fr.pc=0x0000012af67c44cc relative=0x000000000000066c
Event: 33.809 Thread 0x0000012a9c1ade10 Uncommon trap: reason=unstable_if action=reinterpret pc=0x0000012af67c44cc method=java.lang.String.replace(CC)Ljava/lang/String; @ 2 c2
Event: 33.809 Thread 0x0000012a9c1ade10 DEOPT PACKING pc=0x0000012af67c44cc sp=0x0000001e169f7b30
Event: 33.809 Thread 0x0000012a9c1ade10 DEOPT UNPACKING pc=0x0000012af61b7ba2 sp=0x0000001e169f7af0 mode 2
Event: 33.845 Thread 0x0000012a9c1ade10 Uncommon trap: trap_request=0xffffff45 fr.pc=0x0000012af68ce920 relative=0x0000000000000080
Event: 33.845 Thread 0x0000012a9c1ade10 Uncommon trap: reason=unstable_if action=reinterpret pc=0x0000012af68ce920 method=java.lang.invoke.InvokerBytecodeGenerator.refKindOpcode(B)I @ 1 c2
Event: 33.845 Thread 0x0000012a9c1ade10 DEOPT PACKING pc=0x0000012af68ce920 sp=0x0000001e169f74d0
Event: 33.845 Thread 0x0000012a9c1ade10 DEOPT UNPACKING pc=0x0000012af61b7ba2 sp=0x0000001e169f7460 mode 2
Event: 34.204 Thread 0x0000012a9c1ade10 Uncommon trap: trap_request=0xffffffd6 fr.pc=0x0000012af6b61f6c relative=0x00000000000003ac
Event: 34.204 Thread 0x0000012a9c1ade10 Uncommon trap: reason=array_check action=maybe_recompile pc=0x0000012af6b61f6c method=java.util.LinkedHashMap.keysToArray([Ljava/lang/Object;Z)[Ljava/lang/Object; @ 67 c2
Event: 34.204 Thread 0x0000012a9c1ade10 DEOPT PACKING pc=0x0000012af6b61f6c sp=0x0000001e169f84c0
Event: 34.204 Thread 0x0000012a9c1ade10 DEOPT UNPACKING pc=0x0000012af61b7ba2 sp=0x0000001e169f8460 mode 2

Classes loaded (20 events):
Event: 33.686 Loading class java/lang/StringIndexOutOfBoundsException
Event: 33.687 Loading class java/lang/StringIndexOutOfBoundsException done
Event: 33.732 Loading class org/xml/sax/ContentHandler
Event: 33.733 Loading class org/xml/sax/ContentHandler done
Event: 33.733 Loading class org/xml/sax/EntityResolver
Event: 33.733 Loading class org/xml/sax/EntityResolver done
Event: 33.733 Loading class org/xml/sax/DTDHandler
Event: 33.733 Loading class org/xml/sax/DTDHandler done
Event: 33.737 Loading class java/util/function/BooleanSupplier
Event: 33.737 Loading class java/util/function/BooleanSupplier done
Event: 33.765 Loading class java/io/FileWriter
Event: 33.765 Loading class java/io/FileWriter done
Event: 33.768 Loading class java/util/Spliterators$IntArraySpliterator
Event: 33.769 Loading class java/util/Spliterators$IntArraySpliterator done
Event: 33.773 Loading class java/text/ParsePosition
Event: 33.773 Loading class java/text/ParsePosition done
Event: 33.789 Loading class java/text/CharacterIterator
Event: 33.789 Loading class java/text/CharacterIterator done
Event: 33.855 Loading class jdk/internal/reflect/DirectMethodHandleAccessor$NativeAccessor
Event: 33.856 Loading class jdk/internal/reflect/DirectMethodHandleAccessor$NativeAccessor done

Classes unloaded (0 events):
No events

Classes redefined (0 events):
No events

Internal exceptions (20 events):
Event: 31.402 Thread 0x0000012a9c1ade10 Exception <a 'java/lang/ClassNotFoundException'{0x00000000e93a6078}: org/jetbrains/kotlin/gradle/targets/js/npm/NpmDependencyExtensionDelegateCustomizer> (0x00000000e93a6078) 
thrown [s\src\hotspot\share\classfile\systemDictionary.cpp, line 312]
Event: 31.404 Thread 0x0000012a9c1ade10 Exception <a 'java/lang/ClassNotFoundException'{0x00000000e93db598}: org/jetbrains/kotlin/gradle/targets/js/npm/NpmDependencyExtensionKt$defaultNpmDependencyDelegate$1Customizer> (0x00000000e93db598) 
thrown [s\src\hotspot\share\classfile\systemDictionary.cpp, line 312]
Event: 31.416 Thread 0x0000012a9c1ade10 Exception <a 'java/lang/ClassNotFoundException'{0x00000000e9218e48}: org/jetbrains/kotlin/gradle/targets/js/npm/DefaultDevNpmDependencyExtensionBeanInfo> (0x00000000e9218e48) 
thrown [s\src\hotspot\share\classfile\systemDictionary.cpp, line 312]
Event: 31.416 Thread 0x0000012a9c1ade10 Exception <a 'java/lang/ClassNotFoundException'{0x00000000e9229930}: org/jetbrains/kotlin/gradle/targets/js/npm/DefaultDevNpmDependencyExtensionCustomizer> (0x00000000e9229930) 
thrown [s\src\hotspot\share\classfile\systemDictionary.cpp, line 312]
Event: 31.431 Thread 0x0000012a9c1ade10 Exception <a 'java/lang/ClassNotFoundException'{0x00000000e926f470}: org/jetbrains/kotlin/gradle/targets/js/npm/DefaultPeerNpmDependencyExtensionBeanInfo> (0x00000000e926f470) 
thrown [s\src\hotspot\share\classfile\systemDictionary.cpp, line 312]
Event: 31.432 Thread 0x0000012a9c1ade10 Exception <a 'java/lang/ClassNotFoundException'{0x00000000e92801b0}: org/jetbrains/kotlin/gradle/targets/js/npm/DefaultPeerNpmDependencyExtensionCustomizer> (0x00000000e92801b0) 
thrown [s\src\hotspot\share\classfile\systemDictionary.cpp, line 312]
Event: 31.438 Thread 0x0000012a9c1ade10 Exception <a 'java/lang/ClassNotFoundException'{0x00000000e92c9598}: org/jetbrains/kotlin/gradle/targets/js/npm/DefaultPeerNpmDependencyExtension$delegate$1BeanInfo> (0x00000000e92c9598) 
thrown [s\src\hotspot\share\classfile\systemDictionary.cpp, line 312]
Event: 31.439 Thread 0x0000012a9c1ade10 Exception <a 'java/lang/ClassNotFoundException'{0x00000000e92da2b8}: org/jetbrains/kotlin/gradle/targets/js/npm/DefaultPeerNpmDependencyExtension$delegate$1Customizer> (0x00000000e92da2b8) 
thrown [s\src\hotspot\share\classfile\systemDictionary.cpp, line 312]
Event: 33.735 Thread 0x0000012a9c1ade10 Exception <a 'java/lang/IncompatibleClassChangeError'{0x00000000eedcf368}: Found class java.lang.Object, but interface was expected> (0x00000000eedcf368) 
thrown [s\src\hotspot\share\interpreter\linkResolver.cpp, line 840]
Event: 33.819 Thread 0x0000012a9c1ade10 Exception <a 'java/lang/ClassNotFoundException'{0x00000000eebb58e8}: org/gradle/api/internal/project/DefaultAntBuilderBeanInfo> (0x00000000eebb58e8) 
thrown [s\src\hotspot\share\classfile\systemDictionary.cpp, line 312]
Event: 33.821 Thread 0x0000012a9c1ade10 Exception <a 'java/lang/ClassNotFoundException'{0x00000000eebcf380}: org/gradle/api/internal/project/ant/BasicAntBuilderBeanInfo> (0x00000000eebcf380) 
thrown [s\src\hotspot\share\classfile\systemDictionary.cpp, line 312]
Event: 33.823 Thread 0x0000012a9c1ade10 Exception <a 'java/lang/ClassNotFoundException'{0x00000000eebe8510}: org/gradle/api/AntBuilderBeanInfo> (0x00000000eebe8510) 
thrown [s\src\hotspot\share\classfile\systemDictionary.cpp, line 312]
Event: 33.825 Thread 0x0000012a9c1ade10 Exception <a 'java/lang/ClassNotFoundException'{0x00000000eea023a8}: groovy/ant/AntBuilderBeanInfo> (0x00000000eea023a8) 
thrown [s\src\hotspot\share\classfile\systemDictionary.cpp, line 312]
Event: 33.826 Thread 0x0000012a9c1ade10 Exception <a 'java/lang/ClassNotFoundException'{0x00000000eea1c560}: groovy/util/BuilderSupportBeanInfo> (0x00000000eea1c560) 
thrown [s\src\hotspot\share\classfile\systemDictionary.cpp, line 312]
Event: 33.829 Thread 0x0000012a9c1ade10 Exception <a 'java/lang/ClassNotFoundException'{0x00000000eea36a10}: groovy/util/BuilderSupportCustomizer> (0x00000000eea36a10) 
thrown [s\src\hotspot\share\classfile\systemDictionary.cpp, line 312]
Event: 33.831 Thread 0x0000012a9c1ade10 Exception <a 'java/lang/ClassNotFoundException'{0x00000000eea52730}: groovy/ant/AntBuilderCustomizer> (0x00000000eea52730) 
thrown [s\src\hotspot\share\classfile\systemDictionary.cpp, line 312]
Event: 33.833 Thread 0x0000012a9c1ade10 Exception <a 'java/lang/ClassNotFoundException'{0x00000000eea702f0}: org/gradle/api/AntBuilderCustomizer> (0x00000000eea702f0) 
thrown [s\src\hotspot\share\classfile\systemDictionary.cpp, line 312]
Event: 33.835 Thread 0x0000012a9c1ade10 Exception <a 'java/lang/ClassNotFoundException'{0x00000000eea94a10}: org/gradle/api/internal/project/ant/BasicAntBuilderCustomizer> (0x00000000eea94a10) 
thrown [s\src\hotspot\share\classfile\systemDictionary.cpp, line 312]
Event: 33.838 Thread 0x0000012a9c1ade10 Exception <a 'java/lang/ClassNotFoundException'{0x00000000eeabfd68}: org/gradle/api/internal/project/DefaultAntBuilderCustomizer> (0x00000000eeabfd68) 
thrown [s\src\hotspot\share\classfile\systemDictionary.cpp, line 312]
Event: 33.863 Thread 0x0000012a9c1ade10 Exception <a 'java/lang/IncompatibleClassChangeError'{0x00000000ee978148}: Found class java.lang.Object, but interface was expected> (0x00000000ee978148) 
thrown [s\src\hotspot\share\interpreter\linkResolver.cpp, line 840]

ZGC Phase Switch (0 events):
No events

VM Operations (20 events):
Event: 28.192 Executing safepoint VM operation: G1PauseCleanup
Event: 28.192 Executing safepoint VM operation: G1PauseCleanup done
Event: 29.206 Executing safepoint VM operation: Cleanup
Event: 29.206 Executing safepoint VM operation: Cleanup done
Event: 29.829 Executing non-safepoint VM operation: HandshakeAllThreads (Deoptimize)
Event: 29.829 Executing non-safepoint VM operation: HandshakeAllThreads (Deoptimize) done
Event: 29.969 Executing non-safepoint VM operation: HandshakeAllThreads (Deoptimize)
Event: 29.969 Executing non-safepoint VM operation: HandshakeAllThreads (Deoptimize) done
Event: 30.971 Executing safepoint VM operation: Cleanup
Event: 30.972 Executing safepoint VM operation: Cleanup done
Event: 31.984 Executing safepoint VM operation: Cleanup
Event: 31.985 Executing safepoint VM operation: Cleanup done
Event: 32.396 Executing safepoint VM operation: G1CollectForAllocation (G1 Evacuation Pause)
Event: 32.413 Executing safepoint VM operation: G1CollectForAllocation (G1 Evacuation Pause) done
Event: 33.419 Executing safepoint VM operation: Cleanup
Event: 33.420 Executing safepoint VM operation: Cleanup done
Event: 33.767 Executing non-safepoint VM operation: HandshakeAllThreads (Deoptimize)
Event: 33.767 Executing non-safepoint VM operation: HandshakeAllThreads (Deoptimize) done
Event: 34.343 Executing safepoint VM operation: ICBufferFull
Event: 34.343 Executing safepoint VM operation: ICBufferFull done

Memory protections (0 events):
No events

Nmethod flushes (20 events):
Event: 28.183 Thread 0x0000012aff3c7e40 flushing  nmethod 0x0000012aeef6ae90
Event: 28.183 Thread 0x0000012aff3c7e40 flushing  nmethod 0x0000012aeef6c710
Event: 28.183 Thread 0x0000012aff3c7e40 flushing  nmethod 0x0000012aeef6d510
Event: 28.183 Thread 0x0000012aff3c7e40 flushing  nmethod 0x0000012aeef71310
Event: 28.183 Thread 0x0000012aff3c7e40 flushing  nmethod 0x0000012aeef71690
Event: 28.183 Thread 0x0000012aff3c7e40 flushing  nmethod 0x0000012aef03cf10
Event: 28.183 Thread 0x0000012aff3c7e40 flushing  nmethod 0x0000012aef108c90
Event: 28.183 Thread 0x0000012aff3c7e40 flushing  nmethod 0x0000012aef10a110
Event: 28.183 Thread 0x0000012aff3c7e40 flushing  nmethod 0x0000012aef10a610
Event: 28.183 Thread 0x0000012aff3c7e40 flushing  nmethod 0x0000012aef10ab90
Event: 28.183 Thread 0x0000012aff3c7e40 flushing  nmethod 0x0000012aef113f10
Event: 28.183 Thread 0x0000012aff3c7e40 flushing  nmethod 0x0000012aef192f90
Event: 28.183 Thread 0x0000012aff3c7e40 flushing  nmethod 0x0000012aef1f8410
Event: 28.183 Thread 0x0000012aff3c7e40 flushing  nmethod 0x0000012aef1fa210
Event: 28.183 Thread 0x0000012aff3c7e40 flushing  nmethod 0x0000012aef226590
Event: 28.183 Thread 0x0000012aff3c7e40 flushing  nmethod 0x0000012aef226f90
Event: 28.183 Thread 0x0000012aff3c7e40 flushing  nmethod 0x0000012aef22a690
Event: 28.183 Thread 0x0000012aff3c7e40 flushing  nmethod 0x0000012aef22b090
Event: 28.183 Thread 0x0000012aff3c7e40 flushing  nmethod 0x0000012aef22b990
Event: 28.183 Thread 0x0000012aff3c7e40 flushing  nmethod 0x0000012aef22d610

Events (20 events):
Event: 23.592 Thread 0x0000012a9c1ade10 Thread added: 0x0000012a9e2b5050
Event: 23.593 Thread 0x0000012a9c1ade10 Thread added: 0x0000012a9e2b9880
Event: 23.593 Thread 0x0000012a9c1ade10 Thread added: 0x0000012a9e2b9f10
Event: 23.597 Thread 0x0000012a9c1ade10 Thread added: 0x0000012a9e2b8b60
Event: 27.395 Thread 0x0000012aff40b960 Thread added: 0x0000012a9ff51e10
Event: 27.633 Thread 0x0000012a9ff51e10 Thread exited: 0x0000012a9ff51e10
Event: 28.319 Thread 0x0000012aff40b960 Thread added: 0x0000012aff8e6250
Event: 28.596 Thread 0x0000012a9c1ade10 Thread added: 0x0000012a9db5e370
Event: 28.682 Thread 0x0000012aff8e6250 Thread exited: 0x0000012aff8e6250
Event: 29.887 Thread 0x0000012a9c1ade10 Thread added: 0x0000012a9db5c930
Event: 30.010 Thread 0x0000012aff40b960 Thread added: 0x0000012aff8e6ff0
Event: 30.091 Thread 0x0000012aff40b960 Thread added: 0x0000012aff8e7d90
Event: 30.475 Thread 0x0000012aff8e7d90 Thread exited: 0x0000012aff8e7d90
Event: 30.532 Thread 0x0000012aff8e6ff0 Thread exited: 0x0000012aff8e6ff0
Event: 31.279 Thread 0x0000012a9c1ade10 Thread added: 0x0000012a9db5f090
Event: 31.528 Thread 0x0000012aff40b960 Thread added: 0x0000012aff8e7d90
Event: 31.730 Thread 0x0000012aff8e7d90 Thread exited: 0x0000012aff8e7d90
Event: 32.420 Thread 0x0000012aff40b960 Thread added: 0x0000012aff8e4de0
Event: 32.957 Thread 0x0000012aff8e4de0 Thread exited: 0x0000012aff8e4de0
Event: 34.212 Thread 0x0000012aff40b960 Thread added: 0x0000012aff8e6250


Dynamic libraries:
0x00007ff6a8ed0000 - 0x00007ff6a8ede000 	C:\Users\lenovo\.antigravity\extensions\redhat.java-1.54.0-win32-x64\jre\21.0.10-win32-x86_64\bin\java.exe
0x00007ff8deea0000 - 0x00007ff8df106000 	C:\WINDOWS\SYSTEM32\ntdll.dll
0x00007ff8dcea0000 - 0x00007ff8dcf69000 	C:\WINDOWS\System32\KERNEL32.DLL
0x00007ff8dc530000 - 0x00007ff8dc92a000 	C:\WINDOWS\System32\KERNELBASE.dll
0x00007ff8dc330000 - 0x00007ff8dc47c000 	C:\WINDOWS\System32\ucrtbase.dll
0x00007ff8a8d70000 - 0x00007ff8a8d88000 	C:\Users\lenovo\.antigravity\extensions\redhat.java-1.54.0-win32-x64\jre\21.0.10-win32-x86_64\bin\jli.dll
0x00007ff8de7a0000 - 0x00007ff8de967000 	C:\WINDOWS\System32\USER32.dll
0x00007ff8dca60000 - 0x00007ff8dca87000 	C:\WINDOWS\System32\win32u.dll
0x00007ff8ddaa0000 - 0x00007ff8ddacb000 	C:\WINDOWS\System32\GDI32.dll
0x00007ff8dc930000 - 0x00007ff8dca5b000 	C:\WINDOWS\System32\gdi32full.dll
0x00007ff8dc480000 - 0x00007ff8dc523000 	C:\WINDOWS\System32\msvcp_win.dll
0x00007ff89d290000 - 0x00007ff89d2ae000 	C:\Users\lenovo\.antigravity\extensions\redhat.java-1.54.0-win32-x64\jre\21.0.10-win32-x86_64\bin\VCRUNTIME140.dll
0x00007ff8c2ef0000 - 0x00007ff8c3182000 	C:\WINDOWS\WinSxS\amd64_microsoft.windows.common-controls_6595b64144ccf1df_6.0.26100.8521_none_3e08b75ce33403b3\COMCTL32.dll
0x00007ff8dd0b0000 - 0x00007ff8dd159000 	C:\WINDOWS\System32\msvcrt.dll
0x00007ff8dcff0000 - 0x00007ff8dd022000 	C:\WINDOWS\System32\IMM32.DLL
0x00007ff8bbeb0000 - 0x00007ff8bbebc000 	C:\Users\lenovo\.antigravity\extensions\redhat.java-1.54.0-win32-x64\jre\21.0.10-win32-x86_64\bin\vcruntime140_1.dll
0x00007ff86ee40000 - 0x00007ff86eecd000 	C:\Users\lenovo\.antigravity\extensions\redhat.java-1.54.0-win32-x64\jre\21.0.10-win32-x86_64\bin\msvcp140.dll
0x00007ffff1ca0000 - 0x00007ffff2a41000 	C:\Users\lenovo\.antigravity\extensions\redhat.java-1.54.0-win32-x64\jre\21.0.10-win32-x86_64\bin\server\jvm.dll
0x00007ff8dd220000 - 0x00007ff8dd2d6000 	C:\WINDOWS\System32\ADVAPI32.dll
0x00007ff8dd170000 - 0x00007ff8dd21a000 	C:\WINDOWS\System32\sechost.dll
0x00007ff8dcc80000 - 0x00007ff8dcd98000 	C:\WINDOWS\System32\RPCRT4.dll
0x00007ff8dea40000 - 0x00007ff8deac0000 	C:\WINDOWS\System32\WS2_32.dll
0x00007ff8dbf90000 - 0x00007ff8dbfee000 	C:\WINDOWS\SYSTEM32\POWRPROF.dll
0x00007ff8c3270000 - 0x00007ff8c32a6000 	C:\WINDOWS\SYSTEM32\WINMM.dll
0x00007ff8d3a80000 - 0x00007ff8d3a8b000 	C:\WINDOWS\SYSTEM32\VERSION.dll
0x00007ff8dbf70000 - 0x00007ff8dbf84000 	C:\WINDOWS\SYSTEM32\UMPDC.dll
0x00007ff8daec0000 - 0x00007ff8daedb000 	C:\WINDOWS\SYSTEM32\kernel.appcore.dll
0x00007ff8bbdf0000 - 0x00007ff8bbdfa000 	C:\Users\lenovo\.antigravity\extensions\redhat.java-1.54.0-win32-x64\jre\21.0.10-win32-x86_64\bin\jimage.dll
0x00007ff8d9430000 - 0x00007ff8d9672000 	C:\WINDOWS\SYSTEM32\DBGHELP.DLL
0x00007ff8dead0000 - 0x00007ff8dee53000 	C:\WINDOWS\System32\combase.dll
0x00007ff8dd4c0000 - 0x00007ff8dd599000 	C:\WINDOWS\System32\OLEAUT32.dll
0x00007ff8c1e10000 - 0x00007ff8c1e4b000 	C:\WINDOWS\SYSTEM32\dbgcore.DLL
0x00007ff8dc280000 - 0x00007ff8dc328000 	C:\WINDOWS\System32\bcryptPrimitives.dll
0x00007ff8ba070000 - 0x00007ff8ba07f000 	C:\Users\lenovo\.antigravity\extensions\redhat.java-1.54.0-win32-x64\jre\21.0.10-win32-x86_64\bin\instrument.dll
0x00007ff88a940000 - 0x00007ff88a960000 	C:\Users\lenovo\.antigravity\extensions\redhat.java-1.54.0-win32-x64\jre\21.0.10-win32-x86_64\bin\java.dll
0x00007ff8ddad0000 - 0x00007ff8de254000 	C:\WINDOWS\System32\SHELL32.dll
0x00007ff8d9cc0000 - 0x00007ff8da540000 	C:\WINDOWS\SYSTEM32\windows.storage.dll
0x00007ff8dcda0000 - 0x00007ff8dce96000 	C:\WINDOWS\System32\SHCORE.dll
0x00007ff8dcc10000 - 0x00007ff8dcc77000 	C:\WINDOWS\System32\shlwapi.dll
0x00007ff8dc050000 - 0x00007ff8dc079000 	C:\WINDOWS\SYSTEM32\profapi.dll
0x00007ff892730000 - 0x00007ff892748000 	C:\Users\lenovo\.antigravity\extensions\redhat.java-1.54.0-win32-x64\jre\21.0.10-win32-x86_64\bin\zip.dll
0x00007ff8ba5b0000 - 0x00007ff8ba5c0000 	C:\Users\lenovo\.antigravity\extensions\redhat.java-1.54.0-win32-x64\jre\21.0.10-win32-x86_64\bin\net.dll
0x00007ff8d5c30000 - 0x00007ff8d5d59000 	C:\WINDOWS\SYSTEM32\WINHTTP.dll
0x00007ff8db430000 - 0x00007ff8db49c000 	C:\WINDOWS\system32\mswsock.dll
0x00007ff887b50000 - 0x00007ff887b66000 	C:\Users\lenovo\.antigravity\extensions\redhat.java-1.54.0-win32-x64\jre\21.0.10-win32-x86_64\bin\nio.dll
0x00007ff8b9110000 - 0x00007ff8b9120000 	C:\Users\lenovo\.antigravity\extensions\redhat.java-1.54.0-win32-x64\jre\21.0.10-win32-x86_64\bin\verify.dll
0x00007ff8a7be0000 - 0x00007ff8a7c07000 	D:\.gradle\native\660c5614fbf4a5f2a75b1949f50a0caf5cd603558e7d8a26e50b933a0cfb79d1\windows-amd64\native-platform.dll
0x00007ff8731c0000 - 0x00007ff873237000 	D:\.gradle\native\0.2.8\x86_64-windows-gnu\gradle-fileevents.dll
0x00007ff8d8920000 - 0x00007ff8d892a000 	C:\Users\lenovo\.antigravity\extensions\redhat.java-1.54.0-win32-x64\jre\21.0.10-win32-x86_64\bin\management.dll
0x00007ff8ca720000 - 0x00007ff8ca72c000 	C:\Users\lenovo\.antigravity\extensions\redhat.java-1.54.0-win32-x64\jre\21.0.10-win32-x86_64\bin\management_ext.dll
0x00007ff8dd160000 - 0x00007ff8dd168000 	C:\WINDOWS\System32\PSAPI.DLL
0x00007ff8da8d0000 - 0x00007ff8da903000 	C:\WINDOWS\SYSTEM32\IPHLPAPI.DLL
0x00007ff8dd030000 - 0x00007ff8dd03a000 	C:\WINDOWS\System32\NSI.dll
0x00007ff8b8e10000 - 0x00007ff8b8e19000 	C:\Users\lenovo\.antigravity\extensions\redhat.java-1.54.0-win32-x64\jre\21.0.10-win32-x86_64\bin\extnet.dll
0x00007ff8db710000 - 0x00007ff8db72b000 	C:\WINDOWS\SYSTEM32\CRYPTSP.dll
0x00007ff8dae20000 - 0x00007ff8dae59000 	C:\WINDOWS\system32\rsaenh.dll
0x00007ff8db4e0000 - 0x00007ff8db513000 	C:\WINDOWS\SYSTEM32\USERENV.dll
0x00007ff8dc020000 - 0x00007ff8dc04a000 	C:\WINDOWS\SYSTEM32\bcrypt.dll
0x00007ff8db730000 - 0x00007ff8db73c000 	C:\WINDOWS\SYSTEM32\CRYPTBASE.dll
0x00007ff8b8e50000 - 0x00007ff8b8e5e000 	C:\Users\lenovo\.antigravity\extensions\redhat.java-1.54.0-win32-x64\jre\21.0.10-win32-x86_64\bin\sunmscapi.dll
0x00007ff8dca90000 - 0x00007ff8dcc08000 	C:\WINDOWS\System32\CRYPT32.dll
0x00007ff8db930000 - 0x00007ff8db960000 	C:\WINDOWS\SYSTEM32\ncrypt.dll
0x00007ff8db8e0000 - 0x00007ff8db91f000 	C:\WINDOWS\SYSTEM32\NTASN1.dll
0x00007ff8798d0000 - 0x00007ff8798d8000 	C:\WINDOWS\system32\wshunix.dll

JVMTI agents:
D:\.gradle\wrapper\dists\gradle-9.3.1-bin\23ovyewtku6u96viwx3xl3oks\gradle-9.3.1\lib\agents\gradle-instrumentation-agent-9.3.1.jar path:C:\Users\lenovo\.antigravity\extensions\redhat.java-1.54.0-win32-x64\jre\21.0.10-win32-x86_64\bin\instrument.dll, loaded, initialized, instrumentlib options:none

dbghelp: loaded successfully - version: 4.0.5 - missing functions: none
symbol engine: initialized successfully - sym options: 0x614 - pdb path: .;C:\Users\lenovo\.antigravity\extensions\redhat.java-1.54.0-win32-x64\jre\21.0.10-win32-x86_64\bin;C:\WINDOWS\SYSTEM32;C:\WINDOWS\WinSxS\amd64_microsoft.windows.common-controls_6595b64144ccf1df_6.0.26100.8521_none_3e08b75ce33403b3;C:\Users\lenovo\.antigravity\extensions\redhat.java-1.54.0-win32-x64\jre\21.0.10-win32-x86_64\bin\server;D:\.gradle\native\660c5614fbf4a5f2a75b1949f50a0caf5cd603558e7d8a26e50b933a0cfb79d1\windows-amd64;D:\.gradle\native\0.2.8\x86_64-windows-gnu

VM Arguments:
jvm_args: --add-opens=java.base/java.lang=ALL-UNNAMED --add-opens=java.base/java.lang.invoke=ALL-UNNAMED --add-opens=java.base/java.util=ALL-UNNAMED --add-opens=java.prefs/java.util.prefs=ALL-UNNAMED --add-exports=jdk.compiler/com.sun.tools.javac.api=ALL-UNNAMED --add-exports=jdk.compiler/com.sun.tools.javac.util=ALL-UNNAMED --add-opens=java.base/java.util=ALL-UNNAMED --add-opens=java.prefs/java.util.prefs=ALL-UNNAMED --add-opens=java.base/java.nio.charset=ALL-UNNAMED --add-opens=java.base/java.net=ALL-UNNAMED --add-opens=java.base/java.util.concurrent=ALL-UNNAMED --add-opens=java.base/java.util.concurrent.atomic=ALL-UNNAMED --add-opens=java.xml/javax.xml.namespace=ALL-UNNAMED --add-opens=java.base/java.time=ALL-UNNAMED -XX:MaxMetaspaceSize=384m -XX:+HeapDumpOnOutOfMemoryError -Xms256m -Xmx512m -Dfile.encoding=UTF-8 -Duser.country=IN -Duser.language=en -Duser.variant -javaagent:D:\.gradle\wrapper\dists\gradle-9.3.1-bin\23ovyewtku6u96viwx3xl3oks\gradle-9.3.1\lib\agents\gradle-instrumentation-agent-9.3.1.jar 
java_command: org.gradle.launcher.daemon.bootstrap.GradleDaemon 9.3.1
java_class_path (initial): D:\.gradle\wrapper\dists\gradle-9.3.1-bin\23ovyewtku6u96viwx3xl3oks\gradle-9.3.1\lib\gradle-daemon-main-9.3.1.jar
Launcher Type: SUN_STANDARD

[Global flags]
     intx CICompilerCount                          = 4                                         {product} {ergonomic}
   size_t CompressedClassSpaceSize                 = 335544320                                 {product} {ergonomic}
     uint ConcGCThreads                            = 2                                         {product} {ergonomic}
     uint G1ConcRefinementThreads                  = 8                                         {product} {ergonomic}
   size_t G1HeapRegionSize                         = 1048576                                   {product} {ergonomic}
    uintx GCDrainStackTargetSize                   = 64                                        {product} {ergonomic}
     bool HeapDumpOnOutOfMemoryError               = true                                   {manageable} {command line}
   size_t InitialHeapSize                          = 268435456                                 {product} {command line}
   size_t MarkStackSize                            = 4194304                                   {product} {ergonomic}
   size_t MaxHeapSize                              = 536870912                                 {product} {command line}
   size_t MaxMetaspaceSize                         = 402653184                                 {product} {command line}
   size_t MaxNewSize                               = 321912832                                 {product} {ergonomic}
   size_t MinHeapDeltaBytes                        = 1048576                                   {product} {ergonomic}
   size_t MinHeapSize                              = 268435456                                 {product} {command line}
    uintx NonNMethodCodeHeapSize                   = 5839372                                {pd product} {ergonomic}
    uintx NonProfiledCodeHeapSize                  = 122909434                              {pd product} {ergonomic}
    uintx ProfiledCodeHeapSize                     = 122909434                              {pd product} {ergonomic}
    uintx ReservedCodeCacheSize                    = 251658240                              {pd product} {ergonomic}
     bool SegmentedCodeCache                       = true                                      {product} {ergonomic}
   size_t SoftMaxHeapSize                          = 536870912                              {manageable} {ergonomic}
     bool UseCompressedOops                        = true                           {product lp64_product} {ergonomic}
     bool UseG1GC                                  = true                                      {product} {ergonomic}
     bool UseLargePagesIndividualAllocation        = false                                  {pd product} {ergonomic}

Logging:
Log output configuration:
 #0: stdout all=warning uptime,level,tags foldmultilines=false
 #1: stderr all=off uptime,level,tags foldmultilines=false

Release file:
JAVA_VERSION="21.0.10" 
MODULES="java.base java.compiler java.datatransfer java.xml java.prefs java.desktop java.instrument java.logging java.management java.security.sasl java.naming java.rmi java.management.rmi java.net.http java.scripting java.security.jgss java.transaction.xa java.sql java.sql.rowset java.xml.crypto java.se java.smartcardio jdk.accessibility jdk.internal.jvmstat jdk.attach jdk.charsets jdk.internal.opt jdk.zipfs jdk.compiler jdk.crypto.ec jdk.crypto.cryptoki jdk.crypto.mscapi jdk.dynalink jdk.internal.ed jdk.editpad jdk.hotspot.agent jdk.httpserver jdk.internal.le jdk.internal.vm.ci jdk.internal.vm.compiler jdk.internal.vm.compiler.management jdk.jartool jdk.javadoc jdk.jcmd jdk.management jdk.management.agent jdk.jconsole jdk.jdeps jdk.jdwp.agent jdk.jdi jdk.jfr jdk.jshell jdk.jsobject jdk.jstatd jdk.localedata jdk.management.jfr jdk.naming.dns jdk.naming.rmi jdk.net jdk.nio.mapmode jdk.random jdk.sctp jdk.security.auth jdk.security.jgss jdk.unsupported jdk.unsupported.desktop jdk.xml.dom" 

Environment Variables:
JAVA_HOME=D:\advance-java\Java\jdk-17
PATH=C:\Program Files\Java\jdk-17\bin;C:\oraclexe\app\oracle\product\11.2.0\server\bin;C:\WINDOWS\system32;C:\WINDOWS;C:\WINDOWS\System32\Wbem;C:\WINDOWS\System32\WindowsPowerShell\v1.0\;C:\WINDOWS\System32\OpenSSH\;C:\apache-maven-3.9.5\bin;C:\xampp\tomcat\bin;C:\Program Files\MySQL\MySQL Server 8.0\bin;C:\Program Files\MATLAB\R2023b\runtime\win64;C:\Program Files\MATLAB\R2023b\bin;C:\Program Files\nodejs\;C:\ProgramData\chocolatey\bin;C:\Users\lenovo\AppData\Local\Android\Sdk;C:\Users\lenovo\AppData\Local\Android\Sdk\platform-tools;C:\Users\lenovo\AppData\Local\Android\Sdk\emulator;C:\Users\lenovo\AppData\Local\jdk-11.0.2;C:\Program Files\MongoDB\Server\8.2\bin;C:\Program Files\Git\cmd;C:\Users\lenovo\flutter\bin;;C:\Program Files\Docker\Docker\resources\bin;D:\advance-java\Java\jdk-17\bin;D:\advance-java\Maven\apache-maven-3.9.6\bin;D:\advance-java\Tomcat\bin;D:\advance-java\MySQL\MySQL Server 8.0\bin;D:\advance-java\MySQL\MySQL Shell 8.0\bin;D:\advance-java\SpringBoot\spring-3.2.5\bin;c:\Users\lenovo\AppData\Local\Programs\cursor\resources\app\codeBin;C:\Users\lenovo\AppData\Local\Programs\Python\Python313\Scripts\;C:\Users\lenovo\AppData\Local\Programs\Python\Python313\;C:\Users\lenovo\AppData\Local\Android\Sdk\tools;C:\Program Files\MySQL\MySQL Shell 8.0\bin\;C:\Users\lenovo\AppData\Local\Programs\Microsoft VS Code\bin;C:\Program Files\MongoDB\Server\7.0\bin;C:\Users\lenovo\AppData\Local\Programs\Python\Python311\python.exe;C:\MinGW\bin;C:\Users\lenovo\AppData\Local\Microsoft\WindowsApps;C:\Users\lenovo\AppData\Local\GitHubDesktop\bin;C:\Users\lenovo\AppData\Roaming\npm;C:\Users\lenovo\AppData\Local\Android\Sdk;C:\Users\lenovo\AppData\Local\Android\Sdk\platform-tools;C:\Users\lenovo\AppData\Local\Android\Sdk\emulator;C:\Users\lenovo\AppData\Local\Programs\Windsurf\bin;C:\Program Files\JetBrains\PyCharm 2025.3.2.1\bin;C:\Antigravity\bin;C:\Users\lenovo\Desktop\flutter\bin;C:\Users\lenovo\AppData\Local\jdk-11.0.2\bin;C:\Users\lenovo\AppData\Local\Programs\Antigravity\bin;C:\Users\lenovo\AppData\Local\Programs\Antigravity IDE\bin;C:\Users\lenovo\flutter\bin;
USERNAME=lenovo
OS=Windows_NT
PROCESSOR_IDENTIFIER=Intel64 Family 6 Model 140 Stepping 1, GenuineIntel
TMP=C:\Users\lenovo\AppData\Local\Temp
TEMP=C:\Users\lenovo\AppData\Local\Temp




Periodic native trim disabled

---------------  S Y S T E M  ---------------

OS:
 Windows 11 , 64 bit Build 26100 (10.0.26100.8521)
OS uptime: 2 days 4:53 hours
Hyper-V role detected

CPU: total 8 (initial active 8) (4 cores per cpu, 2 threads per core) family 6 model 140 stepping 1 microcode 0xb8, cx8, cmov, fxsr, ht, mmx, 3dnowpref, sse, sse2, sse3, ssse3, sse4.1, sse4.2, popcnt, lzcnt, tsc, tscinvbit, avx, avx2, aes, erms, clmul, bmi1, bmi2, adx, avx512f, avx512dq, avx512cd, avx512bw, avx512vl, sha, fma, vzeroupper, avx512_vpopcntdq, avx512_vpclmulqdq, avx512_vaes, avx512_vnni, clflush, clflushopt, clwb, avx512_vbmi2, avx512_vbmi, hv, rdtscp, rdpid, fsrm, gfni, avx512_bitalg, f16c, cet_ibt, cet_ss, avx512_ifma
Processor Information for the first 8 processors :
  Max Mhz: 2419, Current Mhz: 2419, Mhz Limit: 2419

Memory: 4k page, system-wide physical 16167M (851M free)
TotalPageFile size 35736M (AvailPageFile size 4M)
current process WorkingSet (physical memory assigned to process): 443M, peak: 444M
current process commit charge ("private bytes"): 516M, peak: 517M

vm_info: OpenJDK 64-Bit Server VM (21.0.10+7-LTS) for windows-amd64 JRE (21.0.10+7-LTS), built on 2026-01-20T00:00:00Z by "admin" with MS VC++ 17.12 (VS2022)

END.
